21:27:55 **** Incremental Build of configuration Debug for project Ej2_uart ****
make -j4 all 
arm-none-eabi-gcc "../Src/main.c" -mcpu=cortex-m4 -std=gnu11 -g3 -DDEBUG -DSTM32 -DSTM32F429ZITx -DSTM32F4 -DNUCLEO_F429ZI -DUSE_HAL_DRIVER -DSTM32F429xx -c -I../Inc -I"/home/martin/CESE/PdM/TPs/PdM_workspace/Ej2_uart/Drivers/STM32F4xx_HAL_Driver/Inc" -I"/home/martin/CESE/PdM/TPs/PdM_workspace/Ej2_uart/Drivers/CMSIS/Include" -I"/home/martin/CESE/PdM/TPs/PdM_workspace/Ej2_uart/Drivers/CMSIS/Device/ST/STM32F4xx/Include" -I"/home/martin/CESE/PdM/TPs/PdM_workspace/Ej2_uart/Drivers/BSP/STM32F4xx_Nucleo_144" -I"/home/martin/CESE/PdM/TPs/PdM_workspace/Ej2_uart/Drivers/Core/Inc" -O0 -ffunction-sections -fdata-sections -Wall -fstack-usage -MMD -MP -MF"Src/main.d" -MT"Src/main.o" --specs=nano.specs -mfpu=fpv4-sp-d16 -mfloat-abi=hard -mthumb -o "Src/main.o"
arm-none-eabi-gcc -o "Ej2_uart.elf" @"objects.list"   -mcpu=cortex-m4 -T"/home/martin/CESE/PdM/TPs/PdM_workspace/Ej2_uart/STM32F429ZITX_FLASH.ld" --specs=nosys.specs -Wl,-Map="Ej2_uart.map" -Wl,--gc-sections -static --specs=nano.specs -mfpu=fpv4-sp-d16 -mfloat-abi=hard -mthumb -Wl,--start-group -lc -lm -Wl,--end-group
Finished building target: Ej2_uart.elf
 
arm-none-eabi-size   Ej2_uart.elf 
arm-none-eabi-objdump -h -S  Ej2_uart.elf  > "Ej2_uart.list"
   text	   data	    bss	    dec	    hex	filename
   8112	     32	   1640	   9784	   2638	Ej2_uart.elf
arm-none-eabi-objcopy  -O binary  Ej2_uart.elf  "Ej2_uart.bin"
Finished building: default.size.stdout
 
Finished building: Ej2_uart.list
 
Finished building: Ej2_uart.bin
 

21:27:55 Build Finished. 0 errors, 0 warnings. (took 517ms)

