21:32:15 **** Incremental Build of configuration Debug for project TP4 ****
make -j4 all 
arm-none-eabi-gcc "../Drivers/API/Src/API_uart.c" -mcpu=cortex-m4 -std=gnu11 -g3 -DDEBUG -DSTM32 -DSTM32F429ZITx -DSTM32F4 -DNUCLEO_F429ZI -DUSE_HAL_DRIVER -DSTM32F429xx -c -I../Inc -I"/home/martin/CESE/PdM/TPs/PdM_workspace/TP4/Drivers/STM32F4xx_HAL_Driver/Inc" -I"/home/martin/CESE/PdM/TPs/PdM_workspace/TP4/Drivers/CMSIS/Include" -I"/home/martin/CESE/PdM/TPs/PdM_workspace/TP4/Drivers/CMSIS/Device/ST/STM32F4xx/Include" -I"/home/martin/CESE/PdM/TPs/PdM_workspace/TP4/Drivers/BSP/STM32F4xx_Nucleo_144" -I"/home/martin/CESE/PdM/TPs/PdM_workspace/TP4/Drivers/Core/Inc" -I"/home/martin/CESE/PdM/TPs/PdM_workspace/TP4/Drivers/API/Inc" -O0 -ffunction-sections -fdata-sections -Wall -fstack-usage -MMD -MP -MF"Drivers/API/Src/API_uart.d" -MT"Drivers/API/Src/API_uart.o" --specs=nano.specs -mfpu=fpv4-sp-d16 -mfloat-abi=hard -mthumb -o "Drivers/API/Src/API_uart.o"
arm-none-eabi-gcc -o "TP4.elf" @"objects.list"   -mcpu=cortex-m4 -T"/home/martin/CESE/PdM/TPs/PdM_workspace/TP4/STM32F429ZITX_FLASH.ld" --specs=nosys.specs -Wl,-Map="TP4.map" -Wl,--gc-sections -static --specs=nano.specs -mfpu=fpv4-sp-d16 -mfloat-abi=hard -mthumb -Wl,--start-group -lc -lm -Wl,--end-group
Finished building target: TP4.elf
 
arm-none-eabi-size   TP4.elf 
arm-none-eabi-objdump -h -S  TP4.elf  > "TP4.list"
arm-none-eabi-objcopy  -O binary  TP4.elf  "TP4.bin"
   text	   data	    bss	    dec	    hex	filename
   8264	     32	   1640	   9936	   26d0	TP4.elf
Finished building: default.size.stdout
Finished building: TP4.bin
 
 
Finished building: TP4.list
 
21:33:15 **** Incremental Build of configuration Debug for project TP4 ****
make -j4 all 
arm-none-eabi-size   TP4.elf 
   text	   data	    bss	    dec	    hex	filename
   8264	     32	   1640	   9936	   26d0	TP4.elf
Finished building: default.size.stdout
 
21:39:11 **** Incremental Build of configuration Debug for project TP4 ****
make -j4 all 
arm-none-eabi-gcc "../Drivers/STM32F4xx_HAL_Driver/Src/stm32f4xx_hal.c" -mcpu=cortex-m4 -std=gnu11 -g3 -DDEBUG -DSTM32 -DSTM32F429ZITx -DSTM32F4 -DNUCLEO_F429ZI -DUSE_HAL_DRIVER -DSTM32F429xx -c -I../Inc -I"/home/martin/CESE/PdM/TPs/PdM_workspace/TP4/Drivers/STM32F4xx_HAL_Driver/Inc" -I"/home/martin/CESE/PdM/TPs/PdM_workspace/TP4/Drivers/CMSIS/Include" -I"/home/martin/CESE/PdM/TPs/PdM_workspace/TP4/Drivers/CMSIS/Device/ST/STM32F4xx/Include" -I"/home/martin/CESE/PdM/TPs/PdM_workspace/TP4/Drivers/BSP/STM32F4xx_Nucleo_144" -I"/home/martin/CESE/PdM/TPs/PdM_workspace/TP4/Drivers/Core/Inc" -I"/home/martin/CESE/PdM/TPs/PdM_workspace/TP4/Drivers/API/Inc" -O0 -ffunction-sections -fdata-sections -Wall -fstack-usage -MMD -MP -MF"Drivers/STM32F4xx_HAL_Driver/Src/stm32f4xx_hal.d" -MT"Drivers/STM32F4xx_HAL_Driver/Src/stm32f4xx_hal.o" --specs=nano.specs -mfpu=fpv4-sp-d16 -mfloat-abi=hard -mthumb -o "Drivers/STM32F4xx_HAL_Driver/Src/stm32f4xx_hal.o"
arm-none-eabi-gcc "../Drivers/STM32F4xx_HAL_Driver/Src/stm32f4xx_hal_adc.c" -mcpu=cortex-m4 -std=gnu11 -g3 -DDEBUG -DSTM32 -DSTM32F429ZITx -DSTM32F4 -DNUCLEO_F429ZI -DUSE_HAL_DRIVER -DSTM32F429xx -c -I../Inc -I"/home/martin/CESE/PdM/TPs/PdM_workspace/TP4/Drivers/STM32F4xx_HAL_Driver/Inc" -I"/home/martin/CESE/PdM/TPs/PdM_workspace/TP4/Drivers/CMSIS/Include" -I"/home/martin/CESE/PdM/TPs/PdM_workspace/TP4/Drivers/CMSIS/Device/ST/STM32F4xx/Include" -I"/home/martin/CESE/PdM/TPs/PdM_workspace/TP4/Drivers/BSP/STM32F4xx_Nucleo_144" -I"/home/martin/CESE/PdM/TPs/PdM_workspace/TP4/Drivers/Core/Inc" -I"/home/martin/CESE/PdM/TPs/PdM_workspace/TP4/Drivers/API/Inc" -O0 -ffunction-sections -fdata-sections -Wall -fstack-usage -MMD -MP -MF"Drivers/STM32F4xx_HAL_Driver/Src/stm32f4xx_hal_adc.d" -MT"Drivers/STM32F4xx_HAL_Driver/Src/stm32f4xx_hal_adc.o" --specs=nano.specs -mfpu=fpv4-sp-d16 -mfloat-abi=hard -mthumb -o "Drivers/STM32F4xx_HAL_Driver/Src/stm32f4xx_hal_adc.o"
arm-none-eabi-gcc "../Drivers/STM32F4xx_HAL_Driver/Src/stm32f4xx_hal_adc_ex.c" -mcpu=cortex-m4 -std=gnu11 -g3 -DDEBUG -DSTM32 -DSTM32F429ZITx -DSTM32F4 -DNUCLEO_F429ZI -DUSE_HAL_DRIVER -DSTM32F429xx -c -I../Inc -I"/home/martin/CESE/PdM/TPs/PdM_workspace/TP4/Drivers/STM32F4xx_HAL_Driver/Inc" -I"/home/martin/CESE/PdM/TPs/PdM_workspace/TP4/Drivers/CMSIS/Include" -I"/home/martin/CESE/PdM/TPs/PdM_workspace/TP4/Drivers/CMSIS/Device/ST/STM32F4xx/Include" -I"/home/martin/CESE/PdM/TPs/PdM_workspace/TP4/Drivers/BSP/STM32F4xx_Nucleo_144" -I"/home/martin/CESE/PdM/TPs/PdM_workspace/TP4/Drivers/Core/Inc" -I"/home/martin/CESE/PdM/TPs/PdM_workspace/TP4/Drivers/API/Inc" -O0 -ffunction-sections -fdata-sections -Wall -fstack-usage -MMD -MP -MF"Drivers/STM32F4xx_HAL_Driver/Src/stm32f4xx_hal_adc_ex.d" -MT"Drivers/STM32F4xx_HAL_Driver/Src/stm32f4xx_hal_adc_ex.o" --specs=nano.specs -mfpu=fpv4-sp-d16 -mfloat-abi=hard -mthumb -o "Drivers/STM32F4xx_HAL_Driver/Src/stm32f4xx_hal_adc_ex.o"
arm-none-eabi-gcc "../Drivers/STM32F4xx_HAL_Driver/Src/stm32f4xx_hal_can.c" -mcpu=cortex-m4 -std=gnu11 -g3 -DDEBUG -DSTM32 -DSTM32F429ZITx -DSTM32F4 -DNUCLEO_F429ZI -DUSE_HAL_DRIVER -DSTM32F429xx -c -I../Inc -I"/home/martin/CESE/PdM/TPs/PdM_workspace/TP4/Drivers/STM32F4xx_HAL_Driver/Inc" -I"/home/martin/CESE/PdM/TPs/PdM_workspace/TP4/Drivers/CMSIS/Include" -I"/home/martin/CESE/PdM/TPs/PdM_workspace/TP4/Drivers/CMSIS/Device/ST/STM32F4xx/Include" -I"/home/martin/CESE/PdM/TPs/PdM_workspace/TP4/Drivers/BSP/STM32F4xx_Nucleo_144" -I"/home/martin/CESE/PdM/TPs/PdM_workspace/TP4/Drivers/Core/Inc" -I"/home/martin/CESE/PdM/TPs/PdM_workspace/TP4/Drivers/API/Inc" -O0 -ffunction-sections -fdata-sections -Wall -fstack-usage -MMD -MP -MF"Drivers/STM32F4xx_HAL_Driver/Src/stm32f4xx_hal_can.d" -MT"Drivers/STM32F4xx_HAL_Driver/Src/stm32f4xx_hal_can.o" --specs=nano.specs -mfpu=fpv4-sp-d16 -mfloat-abi=hard -mthumb -o "Drivers/STM32F4xx_HAL_Driver/Src/stm32f4xx_hal_can.o"
arm-none-eabi-gcc "../Drivers/STM32F4xx_HAL_Driver/Src/stm32f4xx_hal_cec.c" -mcpu=cortex-m4 -std=gnu11 -g3 -DDEBUG -DSTM32 -DSTM32F429ZITx -DSTM32F4 -DNUCLEO_F429ZI -DUSE_HAL_DRIVER -DSTM32F429xx -c -I../Inc -I"/home/martin/CESE/PdM/TPs/PdM_workspace/TP4/Drivers/STM32F4xx_HAL_Driver/Inc" -I"/home/martin/CESE/PdM/TPs/PdM_workspace/TP4/Drivers/CMSIS/Include" -I"/home/martin/CESE/PdM/TPs/PdM_workspace/TP4/Drivers/CMSIS/Device/ST/STM32F4xx/Include" -I"/home/martin/CESE/PdM/TPs/PdM_workspace/TP4/Drivers/BSP/STM32F4xx_Nucleo_144" -I"/home/martin/CESE/PdM/TPs/PdM_workspace/TP4/Drivers/Core/Inc" -I"/home/martin/CESE/PdM/TPs/PdM_workspace/TP4/Drivers/API/Inc" -O0 -ffunction-sections -fdata-sections -Wall -fstack-usage -MMD -MP -MF"Drivers/STM32F4xx_HAL_Driver/Src/stm32f4xx_hal_cec.d" -MT"Drivers/STM32F4xx_HAL_Driver/Src/stm32f4xx_hal_cec.o" --specs=nano.specs -mfpu=fpv4-sp-d16 -mfloat-abi=hard -mthumb -o "Drivers/STM32F4xx_HAL_Driver/Src/stm32f4xx_hal_cec.o"
arm-none-eabi-gcc "../Drivers/STM32F4xx_HAL_Driver/Src/stm32f4xx_hal_cortex.c" -mcpu=cortex-m4 -std=gnu11 -g3 -DDEBUG -DSTM32 -DSTM32F429ZITx -DSTM32F4 -DNUCLEO_F429ZI -DUSE_HAL_DRIVER -DSTM32F429xx -c -I../Inc -I"/home/martin/CESE/PdM/TPs/PdM_workspace/TP4/Drivers/STM32F4xx_HAL_Driver/Inc" -I"/home/martin/CESE/PdM/TPs/PdM_workspace/TP4/Drivers/CMSIS/Include" -I"/home/martin/CESE/PdM/TPs/PdM_workspace/TP4/Drivers/CMSIS/Device/ST/STM32F4xx/Include" -I"/home/martin/CESE/PdM/TPs/PdM_workspace/TP4/Drivers/BSP/STM32F4xx_Nucleo_144" -I"/home/martin/CESE/PdM/TPs/PdM_workspace/TP4/Drivers/Core/Inc" -I"/home/martin/CESE/PdM/TPs/PdM_workspace/TP4/Drivers/API/Inc" -O0 -ffunction-sections -fdata-sections -Wall -fstack-usage -MMD -MP -MF"Drivers/STM32F4xx_HAL_Driver/Src/stm32f4xx_hal_cortex.d" -MT"Drivers/STM32F4xx_HAL_Driver/Src/stm32f4xx_hal_cortex.o" --specs=nano.specs -mfpu=fpv4-sp-d16 -mfloat-abi=hard -mthumb -o "Drivers/STM32F4xx_HAL_Driver/Src/stm32f4xx_hal_cortex.o"
arm-none-eabi-gcc "../Drivers/STM32F4xx_HAL_Driver/Src/stm32f4xx_hal_crc.c" -mcpu=cortex-m4 -std=gnu11 -g3 -DDEBUG -DSTM32 -DSTM32F429ZITx -DSTM32F4 -DNUCLEO_F429ZI -DUSE_HAL_DRIVER -DSTM32F429xx -c -I../Inc -I"/home/martin/CESE/PdM/TPs/PdM_workspace/TP4/Drivers/STM32F4xx_HAL_Driver/Inc" -I"/home/martin/CESE/PdM/TPs/PdM_workspace/TP4/Drivers/CMSIS/Include" -I"/home/martin/CESE/PdM/TPs/PdM_workspace/TP4/Drivers/CMSIS/Device/ST/STM32F4xx/Include" -I"/home/martin/CESE/PdM/TPs/PdM_workspace/TP4/Drivers/BSP/STM32F4xx_Nucleo_144" -I"/home/martin/CESE/PdM/TPs/PdM_workspace/TP4/Drivers/Core/Inc" -I"/home/martin/CESE/PdM/TPs/PdM_workspace/TP4/Drivers/API/Inc" -O0 -ffunction-sections -fdata-sections -Wall -fstack-usage -MMD -MP -MF"Drivers/STM32F4xx_HAL_Driver/Src/stm32f4xx_hal_crc.d" -MT"Drivers/STM32F4xx_HAL_Driver/Src/stm32f4xx_hal_crc.o" --specs=nano.specs -mfpu=fpv4-sp-d16 -mfloat-abi=hard -mthumb -o "Drivers/STM32F4xx_HAL_Driver/Src/stm32f4xx_hal_crc.o"
arm-none-eabi-gcc "../Drivers/STM32F4xx_HAL_Driver/Src/stm32f4xx_hal_cryp.c" -mcpu=cortex-m4 -std=gnu11 -g3 -DDEBUG -DSTM32 -DSTM32F429ZITx -DSTM32F4 -DNUCLEO_F429ZI -DUSE_HAL_DRIVER -DSTM32F429xx -c -I../Inc -I"/home/martin/CESE/PdM/TPs/PdM_workspace/TP4/Drivers/STM32F4xx_HAL_Driver/Inc" -I"/home/martin/CESE/PdM/TPs/PdM_workspace/TP4/Drivers/CMSIS/Include" -I"/home/martin/CESE/PdM/TPs/PdM_workspace/TP4/Drivers/CMSIS/Device/ST/STM32F4xx/Include" -I"/home/martin/CESE/PdM/TPs/PdM_workspace/TP4/Drivers/BSP/STM32F4xx_Nucleo_144" -I"/home/martin/CESE/PdM/TPs/PdM_workspace/TP4/Drivers/Core/Inc" -I"/home/martin/CESE/PdM/TPs/PdM_workspace/TP4/Drivers/API/Inc" -O0 -ffunction-sections -fdata-sections -Wall -fstack-usage -MMD -MP -MF"Drivers/STM32F4xx_HAL_Driver/Src/stm32f4xx_hal_cryp.d" -MT"Drivers/STM32F4xx_HAL_Driver/Src/stm32f4xx_hal_cryp.o" --specs=nano.specs -mfpu=fpv4-sp-d16 -mfloat-abi=hard -mthumb -o "Drivers/STM32F4xx_HAL_Driver/Src/stm32f4xx_hal_cryp.o"
arm-none-eabi-gcc "../Drivers/STM32F4xx_HAL_Driver/Src/stm32f4xx_hal_cryp_ex.c" -mcpu=cortex-m4 -std=gnu11 -g3 -DDEBUG -DSTM32 -DSTM32F429ZITx -DSTM32F4 -DNUCLEO_F429ZI -DUSE_HAL_DRIVER -DSTM32F429xx -c -I../Inc -I"/home/martin/CESE/PdM/TPs/PdM_workspace/TP4/Drivers/STM32F4xx_HAL_Driver/Inc" -I"/home/martin/CESE/PdM/TPs/PdM_workspace/TP4/Drivers/CMSIS/Include" -I"/home/martin/CESE/PdM/TPs/PdM_workspace/TP4/Drivers/CMSIS/Device/ST/STM32F4xx/Include" -I"/home/martin/CESE/PdM/TPs/PdM_workspace/TP4/Drivers/BSP/STM32F4xx_Nucleo_144" -I"/home/martin/CESE/PdM/TPs/PdM_workspace/TP4/Drivers/Core/Inc" -I"/home/martin/CESE/PdM/TPs/PdM_workspace/TP4/Drivers/API/Inc" -O0 -ffunction-sections -fdata-sections -Wall -fstack-usage -MMD -MP -MF"Drivers/STM32F4xx_HAL_Driver/Src/stm32f4xx_hal_cryp_ex.d" -MT"Drivers/STM32F4xx_HAL_Driver/Src/stm32f4xx_hal_cryp_ex.o" --specs=nano.specs -mfpu=fpv4-sp-d16 -mfloat-abi=hard -mthumb -o "Drivers/STM32F4xx_HAL_Driver/Src/stm32f4xx_hal_cryp_ex.o"
arm-none-eabi-gcc "../Drivers/STM32F4xx_HAL_Driver/Src/stm32f4xx_hal_dac.c" -mcpu=cortex-m4 -std=gnu11 -g3 -DDEBUG -DSTM32 -DSTM32F429ZITx -DSTM32F4 -DNUCLEO_F429ZI -DUSE_HAL_DRIVER -DSTM32F429xx -c -I../Inc -I"/home/martin/CESE/PdM/TPs/PdM_workspace/TP4/Drivers/STM32F4xx_HAL_Driver/Inc" -I"/home/martin/CESE/PdM/TPs/PdM_workspace/TP4/Drivers/CMSIS/Include" -I"/home/martin/CESE/PdM/TPs/PdM_workspace/TP4/Drivers/CMSIS/Device/ST/STM32F4xx/Include" -I"/home/martin/CESE/PdM/TPs/PdM_workspace/TP4/Drivers/BSP/STM32F4xx_Nucleo_144" -I"/home/martin/CESE/PdM/TPs/PdM_workspace/TP4/Drivers/Core/Inc" -I"/home/martin/CESE/PdM/TPs/PdM_workspace/TP4/Drivers/API/Inc" -O0 -ffunction-sections -fdata-sections -Wall -fstack-usage -MMD -MP -MF"Drivers/STM32F4xx_HAL_Driver/Src/stm32f4xx_hal_dac.d" -MT"Drivers/STM32F4xx_HAL_Driver/Src/stm32f4xx_hal_dac.o" --specs=nano.specs -mfpu=fpv4-sp-d16 -mfloat-abi=hard -mthumb -o "Drivers/STM32F4xx_HAL_Driver/Src/stm32f4xx_hal_dac.o"
arm-none-eabi-gcc "../Drivers/STM32F4xx_HAL_Driver/Src/stm32f4xx_hal_dac_ex.c" -mcpu=cortex-m4 -std=gnu11 -g3 -DDEBUG -DSTM32 -DSTM32F429ZITx -DSTM32F4 -DNUCLEO_F429ZI -DUSE_HAL_DRIVER -DSTM32F429xx -c -I../Inc -I"/home/martin/CESE/PdM/TPs/PdM_workspace/TP4/Drivers/STM32F4xx_HAL_Driver/Inc" -I"/home/martin/CESE/PdM/TPs/PdM_workspace/TP4/Drivers/CMSIS/Include" -I"/home/martin/CESE/PdM/TPs/PdM_workspace/TP4/Drivers/CMSIS/Device/ST/STM32F4xx/Include" -I"/home/martin/CESE/PdM/TPs/PdM_workspace/TP4/Drivers/BSP/STM32F4xx_Nucleo_144" -I"/home/martin/CESE/PdM/TPs/PdM_workspace/TP4/Drivers/Core/Inc" -I"/home/martin/CESE/PdM/TPs/PdM_workspace/TP4/Drivers/API/Inc" -O0 -ffunction-sections -fdata-sections -Wall -fstack-usage -MMD -MP -MF"Drivers/STM32F4xx_HAL_Driver/Src/stm32f4xx_hal_dac_ex.d" -MT"Drivers/STM32F4xx_HAL_Driver/Src/stm32f4xx_hal_dac_ex.o" --specs=nano.specs -mfpu=fpv4-sp-d16 -mfloat-abi=hard -mthumb -o "Drivers/STM32F4xx_HAL_Driver/Src/stm32f4xx_hal_dac_ex.o"
arm-none-eabi-gcc "../Drivers/STM32F4xx_HAL_Driver/Src/stm32f4xx_hal_dcmi.c" -mcpu=cortex-m4 -std=gnu11 -g3 -DDEBUG -DSTM32 -DSTM32F429ZITx -DSTM32F4 -DNUCLEO_F429ZI -DUSE_HAL_DRIVER -DSTM32F429xx -c -I../Inc -I"/home/martin/CESE/PdM/TPs/PdM_workspace/TP4/Drivers/STM32F4xx_HAL_Driver/Inc" -I"/home/martin/CESE/PdM/TPs/PdM_workspace/TP4/Drivers/CMSIS/Include" -I"/home/martin/CESE/PdM/TPs/PdM_workspace/TP4/Drivers/CMSIS/Device/ST/STM32F4xx/Include" -I"/home/martin/CESE/PdM/TPs/PdM_workspace/TP4/Drivers/BSP/STM32F4xx_Nucleo_144" -I"/home/martin/CESE/PdM/TPs/PdM_workspace/TP4/Drivers/Core/Inc" -I"/home/martin/CESE/PdM/TPs/PdM_workspace/TP4/Drivers/API/Inc" -O0 -ffunction-sections -fdata-sections -Wall -fstack-usage -MMD -MP -MF"Drivers/STM32F4xx_HAL_Driver/Src/stm32f4xx_hal_dcmi.d" -MT"Drivers/STM32F4xx_HAL_Driver/Src/stm32f4xx_hal_dcmi.o" --specs=nano.specs -mfpu=fpv4-sp-d16 -mfloat-abi=hard -mthumb -o "Drivers/STM32F4xx_HAL_Driver/Src/stm32f4xx_hal_dcmi.o"
arm-none-eabi-gcc "../Drivers/STM32F4xx_HAL_Driver/Src/stm32f4xx_hal_dcmi_ex.c" -mcpu=cortex-m4 -std=gnu11 -g3 -DDEBUG -DSTM32 -DSTM32F429ZITx -DSTM32F4 -DNUCLEO_F429ZI -DUSE_HAL_DRIVER -DSTM32F429xx -c -I../Inc -I"/home/martin/CESE/PdM/TPs/PdM_workspace/TP4/Drivers/STM32F4xx_HAL_Driver/Inc" -I"/home/martin/CESE/PdM/TPs/PdM_workspace/TP4/Drivers/CMSIS/Include" -I"/home/martin/CESE/PdM/TPs/PdM_workspace/TP4/Drivers/CMSIS/Device/ST/STM32F4xx/Include" -I"/home/martin/CESE/PdM/TPs/PdM_workspace/TP4/Drivers/BSP/STM32F4xx_Nucleo_144" -I"/home/martin/CESE/PdM/TPs/PdM_workspace/TP4/Drivers/Core/Inc" -I"/home/martin/CESE/PdM/TPs/PdM_workspace/TP4/Drivers/API/Inc" -O0 -ffunction-sections -fdata-sections -Wall -fstack-usage -MMD -MP -MF"Drivers/STM32F4xx_HAL_Driver/Src/stm32f4xx_hal_dcmi_ex.d" -MT"Drivers/STM32F4xx_HAL_Driver/Src/stm32f4xx_hal_dcmi_ex.o" --specs=nano.specs -mfpu=fpv4-sp-d16 -mfloat-abi=hard -mthumb -o "Drivers/STM32F4xx_HAL_Driver/Src/stm32f4xx_hal_dcmi_ex.o"
arm-none-eabi-gcc "../Drivers/STM32F4xx_HAL_Driver/Src/stm32f4xx_hal_dfsdm.c" -mcpu=cortex-m4 -std=gnu11 -g3 -DDEBUG -DSTM32 -DSTM32F429ZITx -DSTM32F4 -DNUCLEO_F429ZI -DUSE_HAL_DRIVER -DSTM32F429xx -c -I../Inc -I"/home/martin/CESE/PdM/TPs/PdM_workspace/TP4/Drivers/STM32F4xx_HAL_Driver/Inc" -I"/home/martin/CESE/PdM/TPs/PdM_workspace/TP4/Drivers/CMSIS/Include" -I"/home/martin/CESE/PdM/TPs/PdM_workspace/TP4/Drivers/CMSIS/Device/ST/STM32F4xx/Include" -I"/home/martin/CESE/PdM/TPs/PdM_workspace/TP4/Drivers/BSP/STM32F4xx_Nucleo_144" -I"/home/martin/CESE/PdM/TPs/PdM_workspace/TP4/Drivers/Core/Inc" -I"/home/martin/CESE/PdM/TPs/PdM_workspace/TP4/Drivers/API/Inc" -O0 -ffunction-sections -fdata-sections -Wall -fstack-usage -MMD -MP -MF"Drivers/STM32F4xx_HAL_Driver/Src/stm32f4xx_hal_dfsdm.d" -MT"Drivers/STM32F4xx_HAL_Driver/Src/stm32f4xx_hal_dfsdm.o" --specs=nano.specs -mfpu=fpv4-sp-d16 -mfloat-abi=hard -mthumb -o "Drivers/STM32F4xx_HAL_Driver/Src/stm32f4xx_hal_dfsdm.o"
arm-none-eabi-gcc "../Drivers/STM32F4xx_HAL_Driver/Src/stm32f4xx_hal_dma.c" -mcpu=cortex-m4 -std=gnu11 -g3 -DDEBUG -DSTM32 -DSTM32F429ZITx -DSTM32F4 -DNUCLEO_F429ZI -DUSE_HAL_DRIVER -DSTM32F429xx -c -I../Inc -I"/home/martin/CESE/PdM/TPs/PdM_workspace/TP4/Drivers/STM32F4xx_HAL_Driver/Inc" -I"/home/martin/CESE/PdM/TPs/PdM_workspace/TP4/Drivers/CMSIS/Include" -I"/home/martin/CESE/PdM/TPs/PdM_workspace/TP4/Drivers/CMSIS/Device/ST/STM32F4xx/Include" -I"/home/martin/CESE/PdM/TPs/PdM_workspace/TP4/Drivers/BSP/STM32F4xx_Nucleo_144" -I"/home/martin/CESE/PdM/TPs/PdM_workspace/TP4/Drivers/Core/Inc" -I"/home/martin/CESE/PdM/TPs/PdM_workspace/TP4/Drivers/API/Inc" -O0 -ffunction-sections -fdata-sections -Wall -fstack-usage -MMD -MP -MF"Drivers/STM32F4xx_HAL_Driver/Src/stm32f4xx_hal_dma.d" -MT"Drivers/STM32F4xx_HAL_Driver/Src/stm32f4xx_hal_dma.o" --specs=nano.specs -mfpu=fpv4-sp-d16 -mfloat-abi=hard -mthumb -o "Drivers/STM32F4xx_HAL_Driver/Src/stm32f4xx_hal_dma.o"
arm-none-eabi-gcc "../Drivers/STM32F4xx_HAL_Driver/Src/stm32f4xx_hal_dma2d.c" -mcpu=cortex-m4 -std=gnu11 -g3 -DDEBUG -DSTM32 -DSTM32F429ZITx -DSTM32F4 -DNUCLEO_F429ZI -DUSE_HAL_DRIVER -DSTM32F429xx -c -I../Inc -I"/home/martin/CESE/PdM/TPs/PdM_workspace/TP4/Drivers/STM32F4xx_HAL_Driver/Inc" -I"/home/martin/CESE/PdM/TPs/PdM_workspace/TP4/Drivers/CMSIS/Include" -I"/home/martin/CESE/PdM/TPs/PdM_workspace/TP4/Drivers/CMSIS/Device/ST/STM32F4xx/Include" -I"/home/martin/CESE/PdM/TPs/PdM_workspace/TP4/Drivers/BSP/STM32F4xx_Nucleo_144" -I"/home/martin/CESE/PdM/TPs/PdM_workspace/TP4/Drivers/Core/Inc" -I"/home/martin/CESE/PdM/TPs/PdM_workspace/TP4/Drivers/API/Inc" -O0 -ffunction-sections -fdata-sections -Wall -fstack-usage -MMD -MP -MF"Drivers/STM32F4xx_HAL_Driver/Src/stm32f4xx_hal_dma2d.d" -MT"Drivers/STM32F4xx_HAL_Driver/Src/stm32f4xx_hal_dma2d.o" --specs=nano.specs -mfpu=fpv4-sp-d16 -mfloat-abi=hard -mthumb -o "Drivers/STM32F4xx_HAL_Driver/Src/stm32f4xx_hal_dma2d.o"
arm-none-eabi-gcc "../Drivers/STM32F4xx_HAL_Driver/Src/stm32f4xx_hal_dma_ex.c" -mcpu=cortex-m4 -std=gnu11 -g3 -DDEBUG -DSTM32 -DSTM32F429ZITx -DSTM32F4 -DNUCLEO_F429ZI -DUSE_HAL_DRIVER -DSTM32F429xx -c -I../Inc -I"/home/martin/CESE/PdM/TPs/PdM_workspace/TP4/Drivers/STM32F4xx_HAL_Driver/Inc" -I"/home/martin/CESE/PdM/TPs/PdM_workspace/TP4/Drivers/CMSIS/Include" -I"/home/martin/CESE/PdM/TPs/PdM_workspace/TP4/Drivers/CMSIS/Device/ST/STM32F4xx/Include" -I"/home/martin/CESE/PdM/TPs/PdM_workspace/TP4/Drivers/BSP/STM32F4xx_Nucleo_144" -I"/home/martin/CESE/PdM/TPs/PdM_workspace/TP4/Drivers/Core/Inc" -I"/home/martin/CESE/PdM/TPs/PdM_workspace/TP4/Drivers/API/Inc" -O0 -ffunction-sections -fdata-sections -Wall -fstack-usage -MMD -MP -MF"Drivers/STM32F4xx_HAL_Driver/Src/stm32f4xx_hal_dma_ex.d" -MT"Drivers/STM32F4xx_HAL_Driver/Src/stm32f4xx_hal_dma_ex.o" --specs=nano.specs -mfpu=fpv4-sp-d16 -mfloat-abi=hard -mthumb -o "Drivers/STM32F4xx_HAL_Driver/Src/stm32f4xx_hal_dma_ex.o"
arm-none-eabi-gcc "../Drivers/STM32F4xx_HAL_Driver/Src/stm32f4xx_hal_dsi.c" -mcpu=cortex-m4 -std=gnu11 -g3 -DDEBUG -DSTM32 -DSTM32F429ZITx -DSTM32F4 -DNUCLEO_F429ZI -DUSE_HAL_DRIVER -DSTM32F429xx -c -I../Inc -I"/home/martin/CESE/PdM/TPs/PdM_workspace/TP4/Drivers/STM32F4xx_HAL_Driver/Inc" -I"/home/martin/CESE/PdM/TPs/PdM_workspace/TP4/Drivers/CMSIS/Include" -I"/home/martin/CESE/PdM/TPs/PdM_workspace/TP4/Drivers/CMSIS/Device/ST/STM32F4xx/Include" -I"/home/martin/CESE/PdM/TPs/PdM_workspace/TP4/Drivers/BSP/STM32F4xx_Nucleo_144" -I"/home/martin/CESE/PdM/TPs/PdM_workspace/TP4/Drivers/Core/Inc" -I"/home/martin/CESE/PdM/TPs/PdM_workspace/TP4/Drivers/API/Inc" -O0 -ffunction-sections -fdata-sections -Wall -fstack-usage -MMD -MP -MF"Drivers/STM32F4xx_HAL_Driver/Src/stm32f4xx_hal_dsi.d" -MT"Drivers/STM32F4xx_HAL_Driver/Src/stm32f4xx_hal_dsi.o" --specs=nano.specs -mfpu=fpv4-sp-d16 -mfloat-abi=hard -mthumb -o "Drivers/STM32F4xx_HAL_Driver/Src/stm32f4xx_hal_dsi.o"
arm-none-eabi-gcc "../Drivers/STM32F4xx_HAL_Driver/Src/stm32f4xx_hal_eth.c" -mcpu=cortex-m4 -std=gnu11 -g3 -DDEBUG -DSTM32 -DSTM32F429ZITx -DSTM32F4 -DNUCLEO_F429ZI -DUSE_HAL_DRIVER -DSTM32F429xx -c -I../Inc -I"/home/martin/CESE/PdM/TPs/PdM_workspace/TP4/Drivers/STM32F4xx_HAL_Driver/Inc" -I"/home/martin/CESE/PdM/TPs/PdM_workspace/TP4/Drivers/CMSIS/Include" -I"/home/martin/CESE/PdM/TPs/PdM_workspace/TP4/Drivers/CMSIS/Device/ST/STM32F4xx/Include" -I"/home/martin/CESE/PdM/TPs/PdM_workspace/TP4/Drivers/BSP/STM32F4xx_Nucleo_144" -I"/home/martin/CESE/PdM/TPs/PdM_workspace/TP4/Drivers/Core/Inc" -I"/home/martin/CESE/PdM/TPs/PdM_workspace/TP4/Drivers/API/Inc" -O0 -ffunction-sections -fdata-sections -Wall -fstack-usage -MMD -MP -MF"Drivers/STM32F4xx_HAL_Driver/Src/stm32f4xx_hal_eth.d" -MT"Drivers/STM32F4xx_HAL_Driver/Src/stm32f4xx_hal_eth.o" --specs=nano.specs -mfpu=fpv4-sp-d16 -mfloat-abi=hard -mthumb -o "Drivers/STM32F4xx_HAL_Driver/Src/stm32f4xx_hal_eth.o"
arm-none-eabi-gcc "../Drivers/STM32F4xx_HAL_Driver/Src/stm32f4xx_hal_exti.c" -mcpu=cortex-m4 -std=gnu11 -g3 -DDEBUG -DSTM32 -DSTM32F429ZITx -DSTM32F4 -DNUCLEO_F429ZI -DUSE_HAL_DRIVER -DSTM32F429xx -c -I../Inc -I"/home/martin/CESE/PdM/TPs/PdM_workspace/TP4/Drivers/STM32F4xx_HAL_Driver/Inc" -I"/home/martin/CESE/PdM/TPs/PdM_workspace/TP4/Drivers/CMSIS/Include" -I"/home/martin/CESE/PdM/TPs/PdM_workspace/TP4/Drivers/CMSIS/Device/ST/STM32F4xx/Include" -I"/home/martin/CESE/PdM/TPs/PdM_workspace/TP4/Drivers/BSP/STM32F4xx_Nucleo_144" -I"/home/martin/CESE/PdM/TPs/PdM_workspace/TP4/Drivers/Core/Inc" -I"/home/martin/CESE/PdM/TPs/PdM_workspace/TP4/Drivers/API/Inc" -O0 -ffunction-sections -fdata-sections -Wall -fstack-usage -MMD -MP -MF"Drivers/STM32F4xx_HAL_Driver/Src/stm32f4xx_hal_exti.d" -MT"Drivers/STM32F4xx_HAL_Driver/Src/stm32f4xx_hal_exti.o" --specs=nano.specs -mfpu=fpv4-sp-d16 -mfloat-abi=hard -mthumb -o "Drivers/STM32F4xx_HAL_Driver/Src/stm32f4xx_hal_exti.o"
arm-none-eabi-gcc "../Drivers/STM32F4xx_HAL_Driver/Src/stm32f4xx_hal_flash.c" -mcpu=cortex-m4 -std=gnu11 -g3 -DDEBUG -DSTM32 -DSTM32F429ZITx -DSTM32F4 -DNUCLEO_F429ZI -DUSE_HAL_DRIVER -DSTM32F429xx -c -I../Inc -I"/home/martin/CESE/PdM/TPs/PdM_workspace/TP4/Drivers/STM32F4xx_HAL_Driver/Inc" -I"/home/martin/CESE/PdM/TPs/PdM_workspace/TP4/Drivers/CMSIS/Include" -I"/home/martin/CESE/PdM/TPs/PdM_workspace/TP4/Drivers/CMSIS/Device/ST/STM32F4xx/Include" -I"/home/martin/CESE/PdM/TPs/PdM_workspace/TP4/Drivers/BSP/STM32F4xx_Nucleo_144" -I"/home/martin/CESE/PdM/TPs/PdM_workspace/TP4/Drivers/Core/Inc" -I"/home/martin/CESE/PdM/TPs/PdM_workspace/TP4/Drivers/API/Inc" -O0 -ffunction-sections -fdata-sections -Wall -fstack-usage -MMD -MP -MF"Drivers/STM32F4xx_HAL_Driver/Src/stm32f4xx_hal_flash.d" -MT"Drivers/STM32F4xx_HAL_Driver/Src/stm32f4xx_hal_flash.o" --specs=nano.specs -mfpu=fpv4-sp-d16 -mfloat-abi=hard -mthumb -o "Drivers/STM32F4xx_HAL_Driver/Src/stm32f4xx_hal_flash.o"
arm-none-eabi-gcc "../Drivers/STM32F4xx_HAL_Driver/Src/stm32f4xx_hal_flash_ex.c" -mcpu=cortex-m4 -std=gnu11 -g3 -DDEBUG -DSTM32 -DSTM32F429ZITx -DSTM32F4 -DNUCLEO_F429ZI -DUSE_HAL_DRIVER -DSTM32F429xx -c -I../Inc -I"/home/martin/CESE/PdM/TPs/PdM_workspace/TP4/Drivers/STM32F4xx_HAL_Driver/Inc" -I"/home/martin/CESE/PdM/TPs/PdM_workspace/TP4/Drivers/CMSIS/Include" -I"/home/martin/CESE/PdM/TPs/PdM_workspace/TP4/Drivers/CMSIS/Device/ST/STM32F4xx/Include" -I"/home/martin/CESE/PdM/TPs/PdM_workspace/TP4/Drivers/BSP/STM32F4xx_Nucleo_144" -I"/home/martin/CESE/PdM/TPs/PdM_workspace/TP4/Drivers/Core/Inc" -I"/home/martin/CESE/PdM/TPs/PdM_workspace/TP4/Drivers/API/Inc" -O0 -ffunction-sections -fdata-sections -Wall -fstack-usage -MMD -MP -MF"Drivers/STM32F4xx_HAL_Driver/Src/stm32f4xx_hal_flash_ex.d" -MT"Drivers/STM32F4xx_HAL_Driver/Src/stm32f4xx_hal_flash_ex.o" --specs=nano.specs -mfpu=fpv4-sp-d16 -mfloat-abi=hard -mthumb -o "Drivers/STM32F4xx_HAL_Driver/Src/stm32f4xx_hal_flash_ex.o"
arm-none-eabi-gcc "../Drivers/STM32F4xx_HAL_Driver/Src/stm32f4xx_hal_flash_ramfunc.c" -mcpu=cortex-m4 -std=gnu11 -g3 -DDEBUG -DSTM32 -DSTM32F429ZITx -DSTM32F4 -DNUCLEO_F429ZI -DUSE_HAL_DRIVER -DSTM32F429xx -c -I../Inc -I"/home/martin/CESE/PdM/TPs/PdM_workspace/TP4/Drivers/STM32F4xx_HAL_Driver/Inc" -I"/home/martin/CESE/PdM/TPs/PdM_workspace/TP4/Drivers/CMSIS/Include" -I"/home/martin/CESE/PdM/TPs/PdM_workspace/TP4/Drivers/CMSIS/Device/ST/STM32F4xx/Include" -I"/home/martin/CESE/PdM/TPs/PdM_workspace/TP4/Drivers/BSP/STM32F4xx_Nucleo_144" -I"/home/martin/CESE/PdM/TPs/PdM_workspace/TP4/Drivers/Core/Inc" -I"/home/martin/CESE/PdM/TPs/PdM_workspace/TP4/Drivers/API/Inc" -O0 -ffunction-sections -fdata-sections -Wall -fstack-usage -MMD -MP -MF"Drivers/STM32F4xx_HAL_Driver/Src/stm32f4xx_hal_flash_ramfunc.d" -MT"Drivers/STM32F4xx_HAL_Driver/Src/stm32f4xx_hal_flash_ramfunc.o" --specs=nano.specs -mfpu=fpv4-sp-d16 -mfloat-abi=hard -mthumb -o "Drivers/STM32F4xx_HAL_Driver/Src/stm32f4xx_hal_flash_ramfunc.o"
arm-none-eabi-gcc "../Drivers/STM32F4xx_HAL_Driver/Src/stm32f4xx_hal_fmpi2c.c" -mcpu=cortex-m4 -std=gnu11 -g3 -DDEBUG -DSTM32 -DSTM32F429ZITx -DSTM32F4 -DNUCLEO_F429ZI -DUSE_HAL_DRIVER -DSTM32F429xx -c -I../Inc -I"/home/martin/CESE/PdM/TPs/PdM_workspace/TP4/Drivers/STM32F4xx_HAL_Driver/Inc" -I"/home/martin/CESE/PdM/TPs/PdM_workspace/TP4/Drivers/CMSIS/Include" -I"/home/martin/CESE/PdM/TPs/PdM_workspace/TP4/Drivers/CMSIS/Device/ST/STM32F4xx/Include" -I"/home/martin/CESE/PdM/TPs/PdM_workspace/TP4/Drivers/BSP/STM32F4xx_Nucleo_144" -I"/home/martin/CESE/PdM/TPs/PdM_workspace/TP4/Drivers/Core/Inc" -I"/home/martin/CESE/PdM/TPs/PdM_workspace/TP4/Drivers/API/Inc" -O0 -ffunction-sections -fdata-sections -Wall -fstack-usage -MMD -MP -MF"Drivers/STM32F4xx_HAL_Driver/Src/stm32f4xx_hal_fmpi2c.d" -MT"Drivers/STM32F4xx_HAL_Driver/Src/stm32f4xx_hal_fmpi2c.o" --specs=nano.specs -mfpu=fpv4-sp-d16 -mfloat-abi=hard -mthumb -o "Drivers/STM32F4xx_HAL_Driver/Src/stm32f4xx_hal_fmpi2c.o"
arm-none-eabi-gcc "../Drivers/STM32F4xx_HAL_Driver/Src/stm32f4xx_hal_fmpi2c_ex.c" -mcpu=cortex-m4 -std=gnu11 -g3 -DDEBUG -DSTM32 -DSTM32F429ZITx -DSTM32F4 -DNUCLEO_F429ZI -DUSE_HAL_DRIVER -DSTM32F429xx -c -I../Inc -I"/home/martin/CESE/PdM/TPs/PdM_workspace/TP4/Drivers/STM32F4xx_HAL_Driver/Inc" -I"/home/martin/CESE/PdM/TPs/PdM_workspace/TP4/Drivers/CMSIS/Include" -I"/home/martin/CESE/PdM/TPs/PdM_workspace/TP4/Drivers/CMSIS/Device/ST/STM32F4xx/Include" -I"/home/martin/CESE/PdM/TPs/PdM_workspace/TP4/Drivers/BSP/STM32F4xx_Nucleo_144" -I"/home/martin/CESE/PdM/TPs/PdM_workspace/TP4/Drivers/Core/Inc" -I"/home/martin/CESE/PdM/TPs/PdM_workspace/TP4/Drivers/API/Inc" -O0 -ffunction-sections -fdata-sections -Wall -fstack-usage -MMD -MP -MF"Drivers/STM32F4xx_HAL_Driver/Src/stm32f4xx_hal_fmpi2c_ex.d" -MT"Drivers/STM32F4xx_HAL_Driver/Src/stm32f4xx_hal_fmpi2c_ex.o" --specs=nano.specs -mfpu=fpv4-sp-d16 -mfloat-abi=hard -mthumb -o "Drivers/STM32F4xx_HAL_Driver/Src/stm32f4xx_hal_fmpi2c_ex.o"
arm-none-eabi-gcc "../Drivers/STM32F4xx_HAL_Driver/Src/stm32f4xx_hal_fmpsmbus.c" -mcpu=cortex-m4 -std=gnu11 -g3 -DDEBUG -DSTM32 -DSTM32F429ZITx -DSTM32F4 -DNUCLEO_F429ZI -DUSE_HAL_DRIVER -DSTM32F429xx -c -I../Inc -I"/home/martin/CESE/PdM/TPs/PdM_workspace/TP4/Drivers/STM32F4xx_HAL_Driver/Inc" -I"/home/martin/CESE/PdM/TPs/PdM_workspace/TP4/Drivers/CMSIS/Include" -I"/home/martin/CESE/PdM/TPs/PdM_workspace/TP4/Drivers/CMSIS/Device/ST/STM32F4xx/Include" -I"/home/martin/CESE/PdM/TPs/PdM_workspace/TP4/Drivers/BSP/STM32F4xx_Nucleo_144" -I"/home/martin/CESE/PdM/TPs/PdM_workspace/TP4/Drivers/Core/Inc" -I"/home/martin/CESE/PdM/TPs/PdM_workspace/TP4/Drivers/API/Inc" -O0 -ffunction-sections -fdata-sections -Wall -fstack-usage -MMD -MP -MF"Drivers/STM32F4xx_HAL_Driver/Src/stm32f4xx_hal_fmpsmbus.d" -MT"Drivers/STM32F4xx_HAL_Driver/Src/stm32f4xx_hal_fmpsmbus.o" --specs=nano.specs -mfpu=fpv4-sp-d16 -mfloat-abi=hard -mthumb -o "Drivers/STM32F4xx_HAL_Driver/Src/stm32f4xx_hal_fmpsmbus.o"
arm-none-eabi-gcc "../Drivers/STM32F4xx_HAL_Driver/Src/stm32f4xx_hal_fmpsmbus_ex.c" -mcpu=cortex-m4 -std=gnu11 -g3 -DDEBUG -DSTM32 -DSTM32F429ZITx -DSTM32F4 -DNUCLEO_F429ZI -DUSE_HAL_DRIVER -DSTM32F429xx -c -I../Inc -I"/home/martin/CESE/PdM/TPs/PdM_workspace/TP4/Drivers/STM32F4xx_HAL_Driver/Inc" -I"/home/martin/CESE/PdM/TPs/PdM_workspace/TP4/Drivers/CMSIS/Include" -I"/home/martin/CESE/PdM/TPs/PdM_workspace/TP4/Drivers/CMSIS/Device/ST/STM32F4xx/Include" -I"/home/martin/CESE/PdM/TPs/PdM_workspace/TP4/Drivers/BSP/STM32F4xx_Nucleo_144" -I"/home/martin/CESE/PdM/TPs/PdM_workspace/TP4/Drivers/Core/Inc" -I"/home/martin/CESE/PdM/TPs/PdM_workspace/TP4/Drivers/API/Inc" -O0 -ffunction-sections -fdata-sections -Wall -fstack-usage -MMD -MP -MF"Drivers/STM32F4xx_HAL_Driver/Src/stm32f4xx_hal_fmpsmbus_ex.d" -MT"Drivers/STM32F4xx_HAL_Driver/Src/stm32f4xx_hal_fmpsmbus_ex.o" --specs=nano.specs -mfpu=fpv4-sp-d16 -mfloat-abi=hard -mthumb -o "Drivers/STM32F4xx_HAL_Driver/Src/stm32f4xx_hal_fmpsmbus_ex.o"
arm-none-eabi-gcc "../Drivers/STM32F4xx_HAL_Driver/Src/stm32f4xx_hal_gpio.c" -mcpu=cortex-m4 -std=gnu11 -g3 -DDEBUG -DSTM32 -DSTM32F429ZITx -DSTM32F4 -DNUCLEO_F429ZI -DUSE_HAL_DRIVER -DSTM32F429xx -c -I../Inc -I"/home/martin/CESE/PdM/TPs/PdM_workspace/TP4/Drivers/STM32F4xx_HAL_Driver/Inc" -I"/home/martin/CESE/PdM/TPs/PdM_workspace/TP4/Drivers/CMSIS/Include" -I"/home/martin/CESE/PdM/TPs/PdM_workspace/TP4/Drivers/CMSIS/Device/ST/STM32F4xx/Include" -I"/home/martin/CESE/PdM/TPs/PdM_workspace/TP4/Drivers/BSP/STM32F4xx_Nucleo_144" -I"/home/martin/CESE/PdM/TPs/PdM_workspace/TP4/Drivers/Core/Inc" -I"/home/martin/CESE/PdM/TPs/PdM_workspace/TP4/Drivers/API/Inc" -O0 -ffunction-sections -fdata-sections -Wall -fstack-usage -MMD -MP -MF"Drivers/STM32F4xx_HAL_Driver/Src/stm32f4xx_hal_gpio.d" -MT"Drivers/STM32F4xx_HAL_Driver/Src/stm32f4xx_hal_gpio.o" --specs=nano.specs -mfpu=fpv4-sp-d16 -mfloat-abi=hard -mthumb -o "Drivers/STM32F4xx_HAL_Driver/Src/stm32f4xx_hal_gpio.o"
arm-none-eabi-gcc "../Drivers/STM32F4xx_HAL_Driver/Src/stm32f4xx_hal_hash.c" -mcpu=cortex-m4 -std=gnu11 -g3 -DDEBUG -DSTM32 -DSTM32F429ZITx -DSTM32F4 -DNUCLEO_F429ZI -DUSE_HAL_DRIVER -DSTM32F429xx -c -I../Inc -I"/home/martin/CESE/PdM/TPs/PdM_workspace/TP4/Drivers/STM32F4xx_HAL_Driver/Inc" -I"/home/martin/CESE/PdM/TPs/PdM_workspace/TP4/Drivers/CMSIS/Include" -I"/home/martin/CESE/PdM/TPs/PdM_workspace/TP4/Drivers/CMSIS/Device/ST/STM32F4xx/Include" -I"/home/martin/CESE/PdM/TPs/PdM_workspace/TP4/Drivers/BSP/STM32F4xx_Nucleo_144" -I"/home/martin/CESE/PdM/TPs/PdM_workspace/TP4/Drivers/Core/Inc" -I"/home/martin/CESE/PdM/TPs/PdM_workspace/TP4/Drivers/API/Inc" -O0 -ffunction-sections -fdata-sections -Wall -fstack-usage -MMD -MP -MF"Drivers/STM32F4xx_HAL_Driver/Src/stm32f4xx_hal_hash.d" -MT"Drivers/STM32F4xx_HAL_Driver/Src/stm32f4xx_hal_hash.o" --specs=nano.specs -mfpu=fpv4-sp-d16 -mfloat-abi=hard -mthumb -o "Drivers/STM32F4xx_HAL_Driver/Src/stm32f4xx_hal_hash.o"
arm-none-eabi-gcc "../Drivers/STM32F4xx_HAL_Driver/Src/stm32f4xx_hal_hash_ex.c" -mcpu=cortex-m4 -std=gnu11 -g3 -DDEBUG -DSTM32 -DSTM32F429ZITx -DSTM32F4 -DNUCLEO_F429ZI -DUSE_HAL_DRIVER -DSTM32F429xx -c -I../Inc -I"/home/martin/CESE/PdM/TPs/PdM_workspace/TP4/Drivers/STM32F4xx_HAL_Driver/Inc" -I"/home/martin/CESE/PdM/TPs/PdM_workspace/TP4/Drivers/CMSIS/Include" -I"/home/martin/CESE/PdM/TPs/PdM_workspace/TP4/Drivers/CMSIS/Device/ST/STM32F4xx/Include" -I"/home/martin/CESE/PdM/TPs/PdM_workspace/TP4/Drivers/BSP/STM32F4xx_Nucleo_144" -I"/home/martin/CESE/PdM/TPs/PdM_workspace/TP4/Drivers/Core/Inc" -I"/home/martin/CESE/PdM/TPs/PdM_workspace/TP4/Drivers/API/Inc" -O0 -ffunction-sections -fdata-sections -Wall -fstack-usage -MMD -MP -MF"Drivers/STM32F4xx_HAL_Driver/Src/stm32f4xx_hal_hash_ex.d" -MT"Drivers/STM32F4xx_HAL_Driver/Src/stm32f4xx_hal_hash_ex.o" --specs=nano.specs -mfpu=fpv4-sp-d16 -mfloat-abi=hard -mthumb -o "Drivers/STM32F4xx_HAL_Driver/Src/stm32f4xx_hal_hash_ex.o"
arm-none-eabi-gcc "../Drivers/STM32F4xx_HAL_Driver/Src/stm32f4xx_hal_hcd.c" -mcpu=cortex-m4 -std=gnu11 -g3 -DDEBUG -DSTM32 -DSTM32F429ZITx -DSTM32F4 -DNUCLEO_F429ZI -DUSE_HAL_DRIVER -DSTM32F429xx -c -I../Inc -I"/home/martin/CESE/PdM/TPs/PdM_workspace/TP4/Drivers/STM32F4xx_HAL_Driver/Inc" -I"/home/martin/CESE/PdM/TPs/PdM_workspace/TP4/Drivers/CMSIS/Include" -I"/home/martin/CESE/PdM/TPs/PdM_workspace/TP4/Drivers/CMSIS/Device/ST/STM32F4xx/Include" -I"/home/martin/CESE/PdM/TPs/PdM_workspace/TP4/Drivers/BSP/STM32F4xx_Nucleo_144" -I"/home/martin/CESE/PdM/TPs/PdM_workspace/TP4/Drivers/Core/Inc" -I"/home/martin/CESE/PdM/TPs/PdM_workspace/TP4/Drivers/API/Inc" -O0 -ffunction-sections -fdata-sections -Wall -fstack-usage -MMD -MP -MF"Drivers/STM32F4xx_HAL_Driver/Src/stm32f4xx_hal_hcd.d" -MT"Drivers/STM32F4xx_HAL_Driver/Src/stm32f4xx_hal_hcd.o" --specs=nano.specs -mfpu=fpv4-sp-d16 -mfloat-abi=hard -mthumb -o "Drivers/STM32F4xx_HAL_Driver/Src/stm32f4xx_hal_hcd.o"
arm-none-eabi-gcc "../Drivers/STM32F4xx_HAL_Driver/Src/stm32f4xx_hal_i2c.c" -mcpu=cortex-m4 -std=gnu11 -g3 -DDEBUG -DSTM32 -DSTM32F429ZITx -DSTM32F4 -DNUCLEO_F429ZI -DUSE_HAL_DRIVER -DSTM32F429xx -c -I../Inc -I"/home/martin/CESE/PdM/TPs/PdM_workspace/TP4/Drivers/STM32F4xx_HAL_Driver/Inc" -I"/home/martin/CESE/PdM/TPs/PdM_workspace/TP4/Drivers/CMSIS/Include" -I"/home/martin/CESE/PdM/TPs/PdM_workspace/TP4/Drivers/CMSIS/Device/ST/STM32F4xx/Include" -I"/home/martin/CESE/PdM/TPs/PdM_workspace/TP4/Drivers/BSP/STM32F4xx_Nucleo_144" -I"/home/martin/CESE/PdM/TPs/PdM_workspace/TP4/Drivers/Core/Inc" -I"/home/martin/CESE/PdM/TPs/PdM_workspace/TP4/Drivers/API/Inc" -O0 -ffunction-sections -fdata-sections -Wall -fstack-usage -MMD -MP -MF"Drivers/STM32F4xx_HAL_Driver/Src/stm32f4xx_hal_i2c.d" -MT"Drivers/STM32F4xx_HAL_Driver/Src/stm32f4xx_hal_i2c.o" --specs=nano.specs -mfpu=fpv4-sp-d16 -mfloat-abi=hard -mthumb -o "Drivers/STM32F4xx_HAL_Driver/Src/stm32f4xx_hal_i2c.o"
arm-none-eabi-gcc "../Drivers/STM32F4xx_HAL_Driver/Src/stm32f4xx_hal_i2c_ex.c" -mcpu=cortex-m4 -std=gnu11 -g3 -DDEBUG -DSTM32 -DSTM32F429ZITx -DSTM32F4 -DNUCLEO_F429ZI -DUSE_HAL_DRIVER -DSTM32F429xx -c -I../Inc -I"/home/martin/CESE/PdM/TPs/PdM_workspace/TP4/Drivers/STM32F4xx_HAL_Driver/Inc" -I"/home/martin/CESE/PdM/TPs/PdM_workspace/TP4/Drivers/CMSIS/Include" -I"/home/martin/CESE/PdM/TPs/PdM_workspace/TP4/Drivers/CMSIS/Device/ST/STM32F4xx/Include" -I"/home/martin/CESE/PdM/TPs/PdM_workspace/TP4/Drivers/BSP/STM32F4xx_Nucleo_144" -I"/home/martin/CESE/PdM/TPs/PdM_workspace/TP4/Drivers/Core/Inc" -I"/home/martin/CESE/PdM/TPs/PdM_workspace/TP4/Drivers/API/Inc" -O0 -ffunction-sections -fdata-sections -Wall -fstack-usage -MMD -MP -MF"Drivers/STM32F4xx_HAL_Driver/Src/stm32f4xx_hal_i2c_ex.d" -MT"Drivers/STM32F4xx_HAL_Driver/Src/stm32f4xx_hal_i2c_ex.o" --specs=nano.specs -mfpu=fpv4-sp-d16 -mfloat-abi=hard -mthumb -o "Drivers/STM32F4xx_HAL_Driver/Src/stm32f4xx_hal_i2c_ex.o"
arm-none-eabi-gcc "../Drivers/STM32F4xx_HAL_Driver/Src/stm32f4xx_hal_i2s.c" -mcpu=cortex-m4 -std=gnu11 -g3 -DDEBUG -DSTM32 -DSTM32F429ZITx -DSTM32F4 -DNUCLEO_F429ZI -DUSE_HAL_DRIVER -DSTM32F429xx -c -I../Inc -I"/home/martin/CESE/PdM/TPs/PdM_workspace/TP4/Drivers/STM32F4xx_HAL_Driver/Inc" -I"/home/martin/CESE/PdM/TPs/PdM_workspace/TP4/Drivers/CMSIS/Include" -I"/home/martin/CESE/PdM/TPs/PdM_workspace/TP4/Drivers/CMSIS/Device/ST/STM32F4xx/Include" -I"/home/martin/CESE/PdM/TPs/PdM_workspace/TP4/Drivers/BSP/STM32F4xx_Nucleo_144" -I"/home/martin/CESE/PdM/TPs/PdM_workspace/TP4/Drivers/Core/Inc" -I"/home/martin/CESE/PdM/TPs/PdM_workspace/TP4/Drivers/API/Inc" -O0 -ffunction-sections -fdata-sections -Wall -fstack-usage -MMD -MP -MF"Drivers/STM32F4xx_HAL_Driver/Src/stm32f4xx_hal_i2s.d" -MT"Drivers/STM32F4xx_HAL_Driver/Src/stm32f4xx_hal_i2s.o" --specs=nano.specs -mfpu=fpv4-sp-d16 -mfloat-abi=hard -mthumb -o "Drivers/STM32F4xx_HAL_Driver/Src/stm32f4xx_hal_i2s.o"
arm-none-eabi-gcc "../Drivers/STM32F4xx_HAL_Driver/Src/stm32f4xx_hal_i2s_ex.c" -mcpu=cortex-m4 -std=gnu11 -g3 -DDEBUG -DSTM32 -DSTM32F429ZITx -DSTM32F4 -DNUCLEO_F429ZI -DUSE_HAL_DRIVER -DSTM32F429xx -c -I../Inc -I"/home/martin/CESE/PdM/TPs/PdM_workspace/TP4/Drivers/STM32F4xx_HAL_Driver/Inc" -I"/home/martin/CESE/PdM/TPs/PdM_workspace/TP4/Drivers/CMSIS/Include" -I"/home/martin/CESE/PdM/TPs/PdM_workspace/TP4/Drivers/CMSIS/Device/ST/STM32F4xx/Include" -I"/home/martin/CESE/PdM/TPs/PdM_workspace/TP4/Drivers/BSP/STM32F4xx_Nucleo_144" -I"/home/martin/CESE/PdM/TPs/PdM_workspace/TP4/Drivers/Core/Inc" -I"/home/martin/CESE/PdM/TPs/PdM_workspace/TP4/Drivers/API/Inc" -O0 -ffunction-sections -fdata-sections -Wall -fstack-usage -MMD -MP -MF"Drivers/STM32F4xx_HAL_Driver/Src/stm32f4xx_hal_i2s_ex.d" -MT"Drivers/STM32F4xx_HAL_Driver/Src/stm32f4xx_hal_i2s_ex.o" --specs=nano.specs -mfpu=fpv4-sp-d16 -mfloat-abi=hard -mthumb -o "Drivers/STM32F4xx_HAL_Driver/Src/stm32f4xx_hal_i2s_ex.o"
arm-none-eabi-gcc "../Drivers/STM32F4xx_HAL_Driver/Src/stm32f4xx_hal_irda.c" -mcpu=cortex-m4 -std=gnu11 -g3 -DDEBUG -DSTM32 -DSTM32F429ZITx -DSTM32F4 -DNUCLEO_F429ZI -DUSE_HAL_DRIVER -DSTM32F429xx -c -I../Inc -I"/home/martin/CESE/PdM/TPs/PdM_workspace/TP4/Drivers/STM32F4xx_HAL_Driver/Inc" -I"/home/martin/CESE/PdM/TPs/PdM_workspace/TP4/Drivers/CMSIS/Include" -I"/home/martin/CESE/PdM/TPs/PdM_workspace/TP4/Drivers/CMSIS/Device/ST/STM32F4xx/Include" -I"/home/martin/CESE/PdM/TPs/PdM_workspace/TP4/Drivers/BSP/STM32F4xx_Nucleo_144" -I"/home/martin/CESE/PdM/TPs/PdM_workspace/TP4/Drivers/Core/Inc" -I"/home/martin/CESE/PdM/TPs/PdM_workspace/TP4/Drivers/API/Inc" -O0 -ffunction-sections -fdata-sections -Wall -fstack-usage -MMD -MP -MF"Drivers/STM32F4xx_HAL_Driver/Src/stm32f4xx_hal_irda.d" -MT"Drivers/STM32F4xx_HAL_Driver/Src/stm32f4xx_hal_irda.o" --specs=nano.specs -mfpu=fpv4-sp-d16 -mfloat-abi=hard -mthumb -o "Drivers/STM32F4xx_HAL_Driver/Src/stm32f4xx_hal_irda.o"
arm-none-eabi-gcc "../Drivers/STM32F4xx_HAL_Driver/Src/stm32f4xx_hal_iwdg.c" -mcpu=cortex-m4 -std=gnu11 -g3 -DDEBUG -DSTM32 -DSTM32F429ZITx -DSTM32F4 -DNUCLEO_F429ZI -DUSE_HAL_DRIVER -DSTM32F429xx -c -I../Inc -I"/home/martin/CESE/PdM/TPs/PdM_workspace/TP4/Drivers/STM32F4xx_HAL_Driver/Inc" -I"/home/martin/CESE/PdM/TPs/PdM_workspace/TP4/Drivers/CMSIS/Include" -I"/home/martin/CESE/PdM/TPs/PdM_workspace/TP4/Drivers/CMSIS/Device/ST/STM32F4xx/Include" -I"/home/martin/CESE/PdM/TPs/PdM_workspace/TP4/Drivers/BSP/STM32F4xx_Nucleo_144" -I"/home/martin/CESE/PdM/TPs/PdM_workspace/TP4/Drivers/Core/Inc" -I"/home/martin/CESE/PdM/TPs/PdM_workspace/TP4/Drivers/API/Inc" -O0 -ffunction-sections -fdata-sections -Wall -fstack-usage -MMD -MP -MF"Drivers/STM32F4xx_HAL_Driver/Src/stm32f4xx_hal_iwdg.d" -MT"Drivers/STM32F4xx_HAL_Driver/Src/stm32f4xx_hal_iwdg.o" --specs=nano.specs -mfpu=fpv4-sp-d16 -mfloat-abi=hard -mthumb -o "Drivers/STM32F4xx_HAL_Driver/Src/stm32f4xx_hal_iwdg.o"
arm-none-eabi-gcc "../Drivers/STM32F4xx_HAL_Driver/Src/stm32f4xx_hal_lptim.c" -mcpu=cortex-m4 -std=gnu11 -g3 -DDEBUG -DSTM32 -DSTM32F429ZITx -DSTM32F4 -DNUCLEO_F429ZI -DUSE_HAL_DRIVER -DSTM32F429xx -c -I../Inc -I"/home/martin/CESE/PdM/TPs/PdM_workspace/TP4/Drivers/STM32F4xx_HAL_Driver/Inc" -I"/home/martin/CESE/PdM/TPs/PdM_workspace/TP4/Drivers/CMSIS/Include" -I"/home/martin/CESE/PdM/TPs/PdM_workspace/TP4/Drivers/CMSIS/Device/ST/STM32F4xx/Include" -I"/home/martin/CESE/PdM/TPs/PdM_workspace/TP4/Drivers/BSP/STM32F4xx_Nucleo_144" -I"/home/martin/CESE/PdM/TPs/PdM_workspace/TP4/Drivers/Core/Inc" -I"/home/martin/CESE/PdM/TPs/PdM_workspace/TP4/Drivers/API/Inc" -O0 -ffunction-sections -fdata-sections -Wall -fstack-usage -MMD -MP -MF"Drivers/STM32F4xx_HAL_Driver/Src/stm32f4xx_hal_lptim.d" -MT"Drivers/STM32F4xx_HAL_Driver/Src/stm32f4xx_hal_lptim.o" --specs=nano.specs -mfpu=fpv4-sp-d16 -mfloat-abi=hard -mthumb -o "Drivers/STM32F4xx_HAL_Driver/Src/stm32f4xx_hal_lptim.o"
arm-none-eabi-gcc "../Drivers/STM32F4xx_HAL_Driver/Src/stm32f4xx_hal_ltdc.c" -mcpu=cortex-m4 -std=gnu11 -g3 -DDEBUG -DSTM32 -DSTM32F429ZITx -DSTM32F4 -DNUCLEO_F429ZI -DUSE_HAL_DRIVER -DSTM32F429xx -c -I../Inc -I"/home/martin/CESE/PdM/TPs/PdM_workspace/TP4/Drivers/STM32F4xx_HAL_Driver/Inc" -I"/home/martin/CESE/PdM/TPs/PdM_workspace/TP4/Drivers/CMSIS/Include" -I"/home/martin/CESE/PdM/TPs/PdM_workspace/TP4/Drivers/CMSIS/Device/ST/STM32F4xx/Include" -I"/home/martin/CESE/PdM/TPs/PdM_workspace/TP4/Drivers/BSP/STM32F4xx_Nucleo_144" -I"/home/martin/CESE/PdM/TPs/PdM_workspace/TP4/Drivers/Core/Inc" -I"/home/martin/CESE/PdM/TPs/PdM_workspace/TP4/Drivers/API/Inc" -O0 -ffunction-sections -fdata-sections -Wall -fstack-usage -MMD -MP -MF"Drivers/STM32F4xx_HAL_Driver/Src/stm32f4xx_hal_ltdc.d" -MT"Drivers/STM32F4xx_HAL_Driver/Src/stm32f4xx_hal_ltdc.o" --specs=nano.specs -mfpu=fpv4-sp-d16 -mfloat-abi=hard -mthumb -o "Drivers/STM32F4xx_HAL_Driver/Src/stm32f4xx_hal_ltdc.o"
arm-none-eabi-gcc "../Drivers/STM32F4xx_HAL_Driver/Src/stm32f4xx_hal_ltdc_ex.c" -mcpu=cortex-m4 -std=gnu11 -g3 -DDEBUG -DSTM32 -DSTM32F429ZITx -DSTM32F4 -DNUCLEO_F429ZI -DUSE_HAL_DRIVER -DSTM32F429xx -c -I../Inc -I"/home/martin/CESE/PdM/TPs/PdM_workspace/TP4/Drivers/STM32F4xx_HAL_Driver/Inc" -I"/home/martin/CESE/PdM/TPs/PdM_workspace/TP4/Drivers/CMSIS/Include" -I"/home/martin/CESE/PdM/TPs/PdM_workspace/TP4/Drivers/CMSIS/Device/ST/STM32F4xx/Include" -I"/home/martin/CESE/PdM/TPs/PdM_workspace/TP4/Drivers/BSP/STM32F4xx_Nucleo_144" -I"/home/martin/CESE/PdM/TPs/PdM_workspace/TP4/Drivers/Core/Inc" -I"/home/martin/CESE/PdM/TPs/PdM_workspace/TP4/Drivers/API/Inc" -O0 -ffunction-sections -fdata-sections -Wall -fstack-usage -MMD -MP -MF"Drivers/STM32F4xx_HAL_Driver/Src/stm32f4xx_hal_ltdc_ex.d" -MT"Drivers/STM32F4xx_HAL_Driver/Src/stm32f4xx_hal_ltdc_ex.o" --specs=nano.specs -mfpu=fpv4-sp-d16 -mfloat-abi=hard -mthumb -o "Drivers/STM32F4xx_HAL_Driver/Src/stm32f4xx_hal_ltdc_ex.o"
arm-none-eabi-gcc "../Drivers/STM32F4xx_HAL_Driver/Src/stm32f4xx_hal_mmc.c" -mcpu=cortex-m4 -std=gnu11 -g3 -DDEBUG -DSTM32 -DSTM32F429ZITx -DSTM32F4 -DNUCLEO_F429ZI -DUSE_HAL_DRIVER -DSTM32F429xx -c -I../Inc -I"/home/martin/CESE/PdM/TPs/PdM_workspace/TP4/Drivers/STM32F4xx_HAL_Driver/Inc" -I"/home/martin/CESE/PdM/TPs/PdM_workspace/TP4/Drivers/CMSIS/Include" -I"/home/martin/CESE/PdM/TPs/PdM_workspace/TP4/Drivers/CMSIS/Device/ST/STM32F4xx/Include" -I"/home/martin/CESE/PdM/TPs/PdM_workspace/TP4/Drivers/BSP/STM32F4xx_Nucleo_144" -I"/home/martin/CESE/PdM/TPs/PdM_workspace/TP4/Drivers/Core/Inc" -I"/home/martin/CESE/PdM/TPs/PdM_workspace/TP4/Drivers/API/Inc" -O0 -ffunction-sections -fdata-sections -Wall -fstack-usage -MMD -MP -MF"Drivers/STM32F4xx_HAL_Driver/Src/stm32f4xx_hal_mmc.d" -MT"Drivers/STM32F4xx_HAL_Driver/Src/stm32f4xx_hal_mmc.o" --specs=nano.specs -mfpu=fpv4-sp-d16 -mfloat-abi=hard -mthumb -o "Drivers/STM32F4xx_HAL_Driver/Src/stm32f4xx_hal_mmc.o"
arm-none-eabi-gcc "../Drivers/STM32F4xx_HAL_Driver/Src/stm32f4xx_hal_msp.c" -mcpu=cortex-m4 -std=gnu11 -g3 -DDEBUG -DSTM32 -DSTM32F429ZITx -DSTM32F4 -DNUCLEO_F429ZI -DUSE_HAL_DRIVER -DSTM32F429xx -c -I../Inc -I"/home/martin/CESE/PdM/TPs/PdM_workspace/TP4/Drivers/STM32F4xx_HAL_Driver/Inc" -I"/home/martin/CESE/PdM/TPs/PdM_workspace/TP4/Drivers/CMSIS/Include" -I"/home/martin/CESE/PdM/TPs/PdM_workspace/TP4/Drivers/CMSIS/Device/ST/STM32F4xx/Include" -I"/home/martin/CESE/PdM/TPs/PdM_workspace/TP4/Drivers/BSP/STM32F4xx_Nucleo_144" -I"/home/martin/CESE/PdM/TPs/PdM_workspace/TP4/Drivers/Core/Inc" -I"/home/martin/CESE/PdM/TPs/PdM_workspace/TP4/Drivers/API/Inc" -O0 -ffunction-sections -fdata-sections -Wall -fstack-usage -MMD -MP -MF"Drivers/STM32F4xx_HAL_Driver/Src/stm32f4xx_hal_msp.d" -MT"Drivers/STM32F4xx_HAL_Driver/Src/stm32f4xx_hal_msp.o" --specs=nano.specs -mfpu=fpv4-sp-d16 -mfloat-abi=hard -mthumb -o "Drivers/STM32F4xx_HAL_Driver/Src/stm32f4xx_hal_msp.o"
arm-none-eabi-gcc "../Drivers/STM32F4xx_HAL_Driver/Src/stm32f4xx_hal_msp_template.c" -mcpu=cortex-m4 -std=gnu11 -g3 -DDEBUG -DSTM32 -DSTM32F429ZITx -DSTM32F4 -DNUCLEO_F429ZI -DUSE_HAL_DRIVER -DSTM32F429xx -c -I../Inc -I"/home/martin/CESE/PdM/TPs/PdM_workspace/TP4/Drivers/STM32F4xx_HAL_Driver/Inc" -I"/home/martin/CESE/PdM/TPs/PdM_workspace/TP4/Drivers/CMSIS/Include" -I"/home/martin/CESE/PdM/TPs/PdM_workspace/TP4/Drivers/CMSIS/Device/ST/STM32F4xx/Include" -I"/home/martin/CESE/PdM/TPs/PdM_workspace/TP4/Drivers/BSP/STM32F4xx_Nucleo_144" -I"/home/martin/CESE/PdM/TPs/PdM_workspace/TP4/Drivers/Core/Inc" -I"/home/martin/CESE/PdM/TPs/PdM_workspace/TP4/Drivers/API/Inc" -O0 -ffunction-sections -fdata-sections -Wall -fstack-usage -MMD -MP -MF"Drivers/STM32F4xx_HAL_Driver/Src/stm32f4xx_hal_msp_template.d" -MT"Drivers/STM32F4xx_HAL_Driver/Src/stm32f4xx_hal_msp_template.o" --specs=nano.specs -mfpu=fpv4-sp-d16 -mfloat-abi=hard -mthumb -o "Drivers/STM32F4xx_HAL_Driver/Src/stm32f4xx_hal_msp_template.o"
arm-none-eabi-gcc "../Drivers/STM32F4xx_HAL_Driver/Src/stm32f4xx_hal_nand.c" -mcpu=cortex-m4 -std=gnu11 -g3 -DDEBUG -DSTM32 -DSTM32F429ZITx -DSTM32F4 -DNUCLEO_F429ZI -DUSE_HAL_DRIVER -DSTM32F429xx -c -I../Inc -I"/home/martin/CESE/PdM/TPs/PdM_workspace/TP4/Drivers/STM32F4xx_HAL_Driver/Inc" -I"/home/martin/CESE/PdM/TPs/PdM_workspace/TP4/Drivers/CMSIS/Include" -I"/home/martin/CESE/PdM/TPs/PdM_workspace/TP4/Drivers/CMSIS/Device/ST/STM32F4xx/Include" -I"/home/martin/CESE/PdM/TPs/PdM_workspace/TP4/Drivers/BSP/STM32F4xx_Nucleo_144" -I"/home/martin/CESE/PdM/TPs/PdM_workspace/TP4/Drivers/Core/Inc" -I"/home/martin/CESE/PdM/TPs/PdM_workspace/TP4/Drivers/API/Inc" -O0 -ffunction-sections -fdata-sections -Wall -fstack-usage -MMD -MP -MF"Drivers/STM32F4xx_HAL_Driver/Src/stm32f4xx_hal_nand.d" -MT"Drivers/STM32F4xx_HAL_Driver/Src/stm32f4xx_hal_nand.o" --specs=nano.specs -mfpu=fpv4-sp-d16 -mfloat-abi=hard -mthumb -o "Drivers/STM32F4xx_HAL_Driver/Src/stm32f4xx_hal_nand.o"
arm-none-eabi-gcc "../Drivers/STM32F4xx_HAL_Driver/Src/stm32f4xx_hal_nor.c" -mcpu=cortex-m4 -std=gnu11 -g3 -DDEBUG -DSTM32 -DSTM32F429ZITx -DSTM32F4 -DNUCLEO_F429ZI -DUSE_HAL_DRIVER -DSTM32F429xx -c -I../Inc -I"/home/martin/CESE/PdM/TPs/PdM_workspace/TP4/Drivers/STM32F4xx_HAL_Driver/Inc" -I"/home/martin/CESE/PdM/TPs/PdM_workspace/TP4/Drivers/CMSIS/Include" -I"/home/martin/CESE/PdM/TPs/PdM_workspace/TP4/Drivers/CMSIS/Device/ST/STM32F4xx/Include" -I"/home/martin/CESE/PdM/TPs/PdM_workspace/TP4/Drivers/BSP/STM32F4xx_Nucleo_144" -I"/home/martin/CESE/PdM/TPs/PdM_workspace/TP4/Drivers/Core/Inc" -I"/home/martin/CESE/PdM/TPs/PdM_workspace/TP4/Drivers/API/Inc" -O0 -ffunction-sections -fdata-sections -Wall -fstack-usage -MMD -MP -MF"Drivers/STM32F4xx_HAL_Driver/Src/stm32f4xx_hal_nor.d" -MT"Drivers/STM32F4xx_HAL_Driver/Src/stm32f4xx_hal_nor.o" --specs=nano.specs -mfpu=fpv4-sp-d16 -mfloat-abi=hard -mthumb -o "Drivers/STM32F4xx_HAL_Driver/Src/stm32f4xx_hal_nor.o"
arm-none-eabi-gcc "../Drivers/STM32F4xx_HAL_Driver/Src/stm32f4xx_hal_pccard.c" -mcpu=cortex-m4 -std=gnu11 -g3 -DDEBUG -DSTM32 -DSTM32F429ZITx -DSTM32F4 -DNUCLEO_F429ZI -DUSE_HAL_DRIVER -DSTM32F429xx -c -I../Inc -I"/home/martin/CESE/PdM/TPs/PdM_workspace/TP4/Drivers/STM32F4xx_HAL_Driver/Inc" -I"/home/martin/CESE/PdM/TPs/PdM_workspace/TP4/Drivers/CMSIS/Include" -I"/home/martin/CESE/PdM/TPs/PdM_workspace/TP4/Drivers/CMSIS/Device/ST/STM32F4xx/Include" -I"/home/martin/CESE/PdM/TPs/PdM_workspace/TP4/Drivers/BSP/STM32F4xx_Nucleo_144" -I"/home/martin/CESE/PdM/TPs/PdM_workspace/TP4/Drivers/Core/Inc" -I"/home/martin/CESE/PdM/TPs/PdM_workspace/TP4/Drivers/API/Inc" -O0 -ffunction-sections -fdata-sections -Wall -fstack-usage -MMD -MP -MF"Drivers/STM32F4xx_HAL_Driver/Src/stm32f4xx_hal_pccard.d" -MT"Drivers/STM32F4xx_HAL_Driver/Src/stm32f4xx_hal_pccard.o" --specs=nano.specs -mfpu=fpv4-sp-d16 -mfloat-abi=hard -mthumb -o "Drivers/STM32F4xx_HAL_Driver/Src/stm32f4xx_hal_pccard.o"
arm-none-eabi-gcc "../Drivers/STM32F4xx_HAL_Driver/Src/stm32f4xx_hal_pcd.c" -mcpu=cortex-m4 -std=gnu11 -g3 -DDEBUG -DSTM32 -DSTM32F429ZITx -DSTM32F4 -DNUCLEO_F429ZI -DUSE_HAL_DRIVER -DSTM32F429xx -c -I../Inc -I"/home/martin/CESE/PdM/TPs/PdM_workspace/TP4/Drivers/STM32F4xx_HAL_Driver/Inc" -I"/home/martin/CESE/PdM/TPs/PdM_workspace/TP4/Drivers/CMSIS/Include" -I"/home/martin/CESE/PdM/TPs/PdM_workspace/TP4/Drivers/CMSIS/Device/ST/STM32F4xx/Include" -I"/home/martin/CESE/PdM/TPs/PdM_workspace/TP4/Drivers/BSP/STM32F4xx_Nucleo_144" -I"/home/martin/CESE/PdM/TPs/PdM_workspace/TP4/Drivers/Core/Inc" -I"/home/martin/CESE/PdM/TPs/PdM_workspace/TP4/Drivers/API/Inc" -O0 -ffunction-sections -fdata-sections -Wall -fstack-usage -MMD -MP -MF"Drivers/STM32F4xx_HAL_Driver/Src/stm32f4xx_hal_pcd.d" -MT"Drivers/STM32F4xx_HAL_Driver/Src/stm32f4xx_hal_pcd.o" --specs=nano.specs -mfpu=fpv4-sp-d16 -mfloat-abi=hard -mthumb -o "Drivers/STM32F4xx_HAL_Driver/Src/stm32f4xx_hal_pcd.o"
arm-none-eabi-gcc "../Drivers/STM32F4xx_HAL_Driver/Src/stm32f4xx_hal_pcd_ex.c" -mcpu=cortex-m4 -std=gnu11 -g3 -DDEBUG -DSTM32 -DSTM32F429ZITx -DSTM32F4 -DNUCLEO_F429ZI -DUSE_HAL_DRIVER -DSTM32F429xx -c -I../Inc -I"/home/martin/CESE/PdM/TPs/PdM_workspace/TP4/Drivers/STM32F4xx_HAL_Driver/Inc" -I"/home/martin/CESE/PdM/TPs/PdM_workspace/TP4/Drivers/CMSIS/Include" -I"/home/martin/CESE/PdM/TPs/PdM_workspace/TP4/Drivers/CMSIS/Device/ST/STM32F4xx/Include" -I"/home/martin/CESE/PdM/TPs/PdM_workspace/TP4/Drivers/BSP/STM32F4xx_Nucleo_144" -I"/home/martin/CESE/PdM/TPs/PdM_workspace/TP4/Drivers/Core/Inc" -I"/home/martin/CESE/PdM/TPs/PdM_workspace/TP4/Drivers/API/Inc" -O0 -ffunction-sections -fdata-sections -Wall -fstack-usage -MMD -MP -MF"Drivers/STM32F4xx_HAL_Driver/Src/stm32f4xx_hal_pcd_ex.d" -MT"Drivers/STM32F4xx_HAL_Driver/Src/stm32f4xx_hal_pcd_ex.o" --specs=nano.specs -mfpu=fpv4-sp-d16 -mfloat-abi=hard -mthumb -o "Drivers/STM32F4xx_HAL_Driver/Src/stm32f4xx_hal_pcd_ex.o"
arm-none-eabi-gcc "../Drivers/STM32F4xx_HAL_Driver/Src/stm32f4xx_hal_pwr.c" -mcpu=cortex-m4 -std=gnu11 -g3 -DDEBUG -DSTM32 -DSTM32F429ZITx -DSTM32F4 -DNUCLEO_F429ZI -DUSE_HAL_DRIVER -DSTM32F429xx -c -I../Inc -I"/home/martin/CESE/PdM/TPs/PdM_workspace/TP4/Drivers/STM32F4xx_HAL_Driver/Inc" -I"/home/martin/CESE/PdM/TPs/PdM_workspace/TP4/Drivers/CMSIS/Include" -I"/home/martin/CESE/PdM/TPs/PdM_workspace/TP4/Drivers/CMSIS/Device/ST/STM32F4xx/Include" -I"/home/martin/CESE/PdM/TPs/PdM_workspace/TP4/Drivers/BSP/STM32F4xx_Nucleo_144" -I"/home/martin/CESE/PdM/TPs/PdM_workspace/TP4/Drivers/Core/Inc" -I"/home/martin/CESE/PdM/TPs/PdM_workspace/TP4/Drivers/API/Inc" -O0 -ffunction-sections -fdata-sections -Wall -fstack-usage -MMD -MP -MF"Drivers/STM32F4xx_HAL_Driver/Src/stm32f4xx_hal_pwr.d" -MT"Drivers/STM32F4xx_HAL_Driver/Src/stm32f4xx_hal_pwr.o" --specs=nano.specs -mfpu=fpv4-sp-d16 -mfloat-abi=hard -mthumb -o "Drivers/STM32F4xx_HAL_Driver/Src/stm32f4xx_hal_pwr.o"
arm-none-eabi-gcc "../Drivers/STM32F4xx_HAL_Driver/Src/stm32f4xx_hal_pwr_ex.c" -mcpu=cortex-m4 -std=gnu11 -g3 -DDEBUG -DSTM32 -DSTM32F429ZITx -DSTM32F4 -DNUCLEO_F429ZI -DUSE_HAL_DRIVER -DSTM32F429xx -c -I../Inc -I"/home/martin/CESE/PdM/TPs/PdM_workspace/TP4/Drivers/STM32F4xx_HAL_Driver/Inc" -I"/home/martin/CESE/PdM/TPs/PdM_workspace/TP4/Drivers/CMSIS/Include" -I"/home/martin/CESE/PdM/TPs/PdM_workspace/TP4/Drivers/CMSIS/Device/ST/STM32F4xx/Include" -I"/home/martin/CESE/PdM/TPs/PdM_workspace/TP4/Drivers/BSP/STM32F4xx_Nucleo_144" -I"/home/martin/CESE/PdM/TPs/PdM_workspace/TP4/Drivers/Core/Inc" -I"/home/martin/CESE/PdM/TPs/PdM_workspace/TP4/Drivers/API/Inc" -O0 -ffunction-sections -fdata-sections -Wall -fstack-usage -MMD -MP -MF"Drivers/STM32F4xx_HAL_Driver/Src/stm32f4xx_hal_pwr_ex.d" -MT"Drivers/STM32F4xx_HAL_Driver/Src/stm32f4xx_hal_pwr_ex.o" --specs=nano.specs -mfpu=fpv4-sp-d16 -mfloat-abi=hard -mthumb -o "Drivers/STM32F4xx_HAL_Driver/Src/stm32f4xx_hal_pwr_ex.o"
arm-none-eabi-gcc "../Drivers/STM32F4xx_HAL_Driver/Src/stm32f4xx_hal_qspi.c" -mcpu=cortex-m4 -std=gnu11 -g3 -DDEBUG -DSTM32 -DSTM32F429ZITx -DSTM32F4 -DNUCLEO_F429ZI -DUSE_HAL_DRIVER -DSTM32F429xx -c -I../Inc -I"/home/martin/CESE/PdM/TPs/PdM_workspace/TP4/Drivers/STM32F4xx_HAL_Driver/Inc" -I"/home/martin/CESE/PdM/TPs/PdM_workspace/TP4/Drivers/CMSIS/Include" -I"/home/martin/CESE/PdM/TPs/PdM_workspace/TP4/Drivers/CMSIS/Device/ST/STM32F4xx/Include" -I"/home/martin/CESE/PdM/TPs/PdM_workspace/TP4/Drivers/BSP/STM32F4xx_Nucleo_144" -I"/home/martin/CESE/PdM/TPs/PdM_workspace/TP4/Drivers/Core/Inc" -I"/home/martin/CESE/PdM/TPs/PdM_workspace/TP4/Drivers/API/Inc" -O0 -ffunction-sections -fdata-sections -Wall -fstack-usage -MMD -MP -MF"Drivers/STM32F4xx_HAL_Driver/Src/stm32f4xx_hal_qspi.d" -MT"Drivers/STM32F4xx_HAL_Driver/Src/stm32f4xx_hal_qspi.o" --specs=nano.specs -mfpu=fpv4-sp-d16 -mfloat-abi=hard -mthumb -o "Drivers/STM32F4xx_HAL_Driver/Src/stm32f4xx_hal_qspi.o"
arm-none-eabi-gcc "../Drivers/STM32F4xx_HAL_Driver/Src/stm32f4xx_hal_rcc.c" -mcpu=cortex-m4 -std=gnu11 -g3 -DDEBUG -DSTM32 -DSTM32F429ZITx -DSTM32F4 -DNUCLEO_F429ZI -DUSE_HAL_DRIVER -DSTM32F429xx -c -I../Inc -I"/home/martin/CESE/PdM/TPs/PdM_workspace/TP4/Drivers/STM32F4xx_HAL_Driver/Inc" -I"/home/martin/CESE/PdM/TPs/PdM_workspace/TP4/Drivers/CMSIS/Include" -I"/home/martin/CESE/PdM/TPs/PdM_workspace/TP4/Drivers/CMSIS/Device/ST/STM32F4xx/Include" -I"/home/martin/CESE/PdM/TPs/PdM_workspace/TP4/Drivers/BSP/STM32F4xx_Nucleo_144" -I"/home/martin/CESE/PdM/TPs/PdM_workspace/TP4/Drivers/Core/Inc" -I"/home/martin/CESE/PdM/TPs/PdM_workspace/TP4/Drivers/API/Inc" -O0 -ffunction-sections -fdata-sections -Wall -fstack-usage -MMD -MP -MF"Drivers/STM32F4xx_HAL_Driver/Src/stm32f4xx_hal_rcc.d" -MT"Drivers/STM32F4xx_HAL_Driver/Src/stm32f4xx_hal_rcc.o" --specs=nano.specs -mfpu=fpv4-sp-d16 -mfloat-abi=hard -mthumb -o "Drivers/STM32F4xx_HAL_Driver/Src/stm32f4xx_hal_rcc.o"
arm-none-eabi-gcc "../Drivers/STM32F4xx_HAL_Driver/Src/stm32f4xx_hal_rcc_ex.c" -mcpu=cortex-m4 -std=gnu11 -g3 -DDEBUG -DSTM32 -DSTM32F429ZITx -DSTM32F4 -DNUCLEO_F429ZI -DUSE_HAL_DRIVER -DSTM32F429xx -c -I../Inc -I"/home/martin/CESE/PdM/TPs/PdM_workspace/TP4/Drivers/STM32F4xx_HAL_Driver/Inc" -I"/home/martin/CESE/PdM/TPs/PdM_workspace/TP4/Drivers/CMSIS/Include" -I"/home/martin/CESE/PdM/TPs/PdM_workspace/TP4/Drivers/CMSIS/Device/ST/STM32F4xx/Include" -I"/home/martin/CESE/PdM/TPs/PdM_workspace/TP4/Drivers/BSP/STM32F4xx_Nucleo_144" -I"/home/martin/CESE/PdM/TPs/PdM_workspace/TP4/Drivers/Core/Inc" -I"/home/martin/CESE/PdM/TPs/PdM_workspace/TP4/Drivers/API/Inc" -O0 -ffunction-sections -fdata-sections -Wall -fstack-usage -MMD -MP -MF"Drivers/STM32F4xx_HAL_Driver/Src/stm32f4xx_hal_rcc_ex.d" -MT"Drivers/STM32F4xx_HAL_Driver/Src/stm32f4xx_hal_rcc_ex.o" --specs=nano.specs -mfpu=fpv4-sp-d16 -mfloat-abi=hard -mthumb -o "Drivers/STM32F4xx_HAL_Driver/Src/stm32f4xx_hal_rcc_ex.o"
arm-none-eabi-gcc "../Drivers/STM32F4xx_HAL_Driver/Src/stm32f4xx_hal_rng.c" -mcpu=cortex-m4 -std=gnu11 -g3 -DDEBUG -DSTM32 -DSTM32F429ZITx -DSTM32F4 -DNUCLEO_F429ZI -DUSE_HAL_DRIVER -DSTM32F429xx -c -I../Inc -I"/home/martin/CESE/PdM/TPs/PdM_workspace/TP4/Drivers/STM32F4xx_HAL_Driver/Inc" -I"/home/martin/CESE/PdM/TPs/PdM_workspace/TP4/Drivers/CMSIS/Include" -I"/home/martin/CESE/PdM/TPs/PdM_workspace/TP4/Drivers/CMSIS/Device/ST/STM32F4xx/Include" -I"/home/martin/CESE/PdM/TPs/PdM_workspace/TP4/Drivers/BSP/STM32F4xx_Nucleo_144" -I"/home/martin/CESE/PdM/TPs/PdM_workspace/TP4/Drivers/Core/Inc" -I"/home/martin/CESE/PdM/TPs/PdM_workspace/TP4/Drivers/API/Inc" -O0 -ffunction-sections -fdata-sections -Wall -fstack-usage -MMD -MP -MF"Drivers/STM32F4xx_HAL_Driver/Src/stm32f4xx_hal_rng.d" -MT"Drivers/STM32F4xx_HAL_Driver/Src/stm32f4xx_hal_rng.o" --specs=nano.specs -mfpu=fpv4-sp-d16 -mfloat-abi=hard -mthumb -o "Drivers/STM32F4xx_HAL_Driver/Src/stm32f4xx_hal_rng.o"
arm-none-eabi-gcc "../Drivers/STM32F4xx_HAL_Driver/Src/stm32f4xx_hal_rtc.c" -mcpu=cortex-m4 -std=gnu11 -g3 -DDEBUG -DSTM32 -DSTM32F429ZITx -DSTM32F4 -DNUCLEO_F429ZI -DUSE_HAL_DRIVER -DSTM32F429xx -c -I../Inc -I"/home/martin/CESE/PdM/TPs/PdM_workspace/TP4/Drivers/STM32F4xx_HAL_Driver/Inc" -I"/home/martin/CESE/PdM/TPs/PdM_workspace/TP4/Drivers/CMSIS/Include" -I"/home/martin/CESE/PdM/TPs/PdM_workspace/TP4/Drivers/CMSIS/Device/ST/STM32F4xx/Include" -I"/home/martin/CESE/PdM/TPs/PdM_workspace/TP4/Drivers/BSP/STM32F4xx_Nucleo_144" -I"/home/martin/CESE/PdM/TPs/PdM_workspace/TP4/Drivers/Core/Inc" -I"/home/martin/CESE/PdM/TPs/PdM_workspace/TP4/Drivers/API/Inc" -O0 -ffunction-sections -fdata-sections -Wall -fstack-usage -MMD -MP -MF"Drivers/STM32F4xx_HAL_Driver/Src/stm32f4xx_hal_rtc.d" -MT"Drivers/STM32F4xx_HAL_Driver/Src/stm32f4xx_hal_rtc.o" --specs=nano.specs -mfpu=fpv4-sp-d16 -mfloat-abi=hard -mthumb -o "Drivers/STM32F4xx_HAL_Driver/Src/stm32f4xx_hal_rtc.o"
arm-none-eabi-gcc "../Drivers/STM32F4xx_HAL_Driver/Src/stm32f4xx_hal_rtc_ex.c" -mcpu=cortex-m4 -std=gnu11 -g3 -DDEBUG -DSTM32 -DSTM32F429ZITx -DSTM32F4 -DNUCLEO_F429ZI -DUSE_HAL_DRIVER -DSTM32F429xx -c -I../Inc -I"/home/martin/CESE/PdM/TPs/PdM_workspace/TP4/Drivers/STM32F4xx_HAL_Driver/Inc" -I"/home/martin/CESE/PdM/TPs/PdM_workspace/TP4/Drivers/CMSIS/Include" -I"/home/martin/CESE/PdM/TPs/PdM_workspace/TP4/Drivers/CMSIS/Device/ST/STM32F4xx/Include" -I"/home/martin/CESE/PdM/TPs/PdM_workspace/TP4/Drivers/BSP/STM32F4xx_Nucleo_144" -I"/home/martin/CESE/PdM/TPs/PdM_workspace/TP4/Drivers/Core/Inc" -I"/home/martin/CESE/PdM/TPs/PdM_workspace/TP4/Drivers/API/Inc" -O0 -ffunction-sections -fdata-sections -Wall -fstack-usage -MMD -MP -MF"Drivers/STM32F4xx_HAL_Driver/Src/stm32f4xx_hal_rtc_ex.d" -MT"Drivers/STM32F4xx_HAL_Driver/Src/stm32f4xx_hal_rtc_ex.o" --specs=nano.specs -mfpu=fpv4-sp-d16 -mfloat-abi=hard -mthumb -o "Drivers/STM32F4xx_HAL_Driver/Src/stm32f4xx_hal_rtc_ex.o"
arm-none-eabi-gcc "../Drivers/STM32F4xx_HAL_Driver/Src/stm32f4xx_hal_sai.c" -mcpu=cortex-m4 -std=gnu11 -g3 -DDEBUG -DSTM32 -DSTM32F429ZITx -DSTM32F4 -DNUCLEO_F429ZI -DUSE_HAL_DRIVER -DSTM32F429xx -c -I../Inc -I"/home/martin/CESE/PdM/TPs/PdM_workspace/TP4/Drivers/STM32F4xx_HAL_Driver/Inc" -I"/home/martin/CESE/PdM/TPs/PdM_workspace/TP4/Drivers/CMSIS/Include" -I"/home/martin/CESE/PdM/TPs/PdM_workspace/TP4/Drivers/CMSIS/Device/ST/STM32F4xx/Include" -I"/home/martin/CESE/PdM/TPs/PdM_workspace/TP4/Drivers/BSP/STM32F4xx_Nucleo_144" -I"/home/martin/CESE/PdM/TPs/PdM_workspace/TP4/Drivers/Core/Inc" -I"/home/martin/CESE/PdM/TPs/PdM_workspace/TP4/Drivers/API/Inc" -O0 -ffunction-sections -fdata-sections -Wall -fstack-usage -MMD -MP -MF"Drivers/STM32F4xx_HAL_Driver/Src/stm32f4xx_hal_sai.d" -MT"Drivers/STM32F4xx_HAL_Driver/Src/stm32f4xx_hal_sai.o" --specs=nano.specs -mfpu=fpv4-sp-d16 -mfloat-abi=hard -mthumb -o "Drivers/STM32F4xx_HAL_Driver/Src/stm32f4xx_hal_sai.o"
arm-none-eabi-gcc "../Drivers/STM32F4xx_HAL_Driver/Src/stm32f4xx_hal_sai_ex.c" -mcpu=cortex-m4 -std=gnu11 -g3 -DDEBUG -DSTM32 -DSTM32F429ZITx -DSTM32F4 -DNUCLEO_F429ZI -DUSE_HAL_DRIVER -DSTM32F429xx -c -I../Inc -I"/home/martin/CESE/PdM/TPs/PdM_workspace/TP4/Drivers/STM32F4xx_HAL_Driver/Inc" -I"/home/martin/CESE/PdM/TPs/PdM_workspace/TP4/Drivers/CMSIS/Include" -I"/home/martin/CESE/PdM/TPs/PdM_workspace/TP4/Drivers/CMSIS/Device/ST/STM32F4xx/Include" -I"/home/martin/CESE/PdM/TPs/PdM_workspace/TP4/Drivers/BSP/STM32F4xx_Nucleo_144" -I"/home/martin/CESE/PdM/TPs/PdM_workspace/TP4/Drivers/Core/Inc" -I"/home/martin/CESE/PdM/TPs/PdM_workspace/TP4/Drivers/API/Inc" -O0 -ffunction-sections -fdata-sections -Wall -fstack-usage -MMD -MP -MF"Drivers/STM32F4xx_HAL_Driver/Src/stm32f4xx_hal_sai_ex.d" -MT"Drivers/STM32F4xx_HAL_Driver/Src/stm32f4xx_hal_sai_ex.o" --specs=nano.specs -mfpu=fpv4-sp-d16 -mfloat-abi=hard -mthumb -o "Drivers/STM32F4xx_HAL_Driver/Src/stm32f4xx_hal_sai_ex.o"
arm-none-eabi-gcc "../Drivers/STM32F4xx_HAL_Driver/Src/stm32f4xx_hal_sd.c" -mcpu=cortex-m4 -std=gnu11 -g3 -DDEBUG -DSTM32 -DSTM32F429ZITx -DSTM32F4 -DNUCLEO_F429ZI -DUSE_HAL_DRIVER -DSTM32F429xx -c -I../Inc -I"/home/martin/CESE/PdM/TPs/PdM_workspace/TP4/Drivers/STM32F4xx_HAL_Driver/Inc" -I"/home/martin/CESE/PdM/TPs/PdM_workspace/TP4/Drivers/CMSIS/Include" -I"/home/martin/CESE/PdM/TPs/PdM_workspace/TP4/Drivers/CMSIS/Device/ST/STM32F4xx/Include" -I"/home/martin/CESE/PdM/TPs/PdM_workspace/TP4/Drivers/BSP/STM32F4xx_Nucleo_144" -I"/home/martin/CESE/PdM/TPs/PdM_workspace/TP4/Drivers/Core/Inc" -I"/home/martin/CESE/PdM/TPs/PdM_workspace/TP4/Drivers/API/Inc" -O0 -ffunction-sections -fdata-sections -Wall -fstack-usage -MMD -MP -MF"Drivers/STM32F4xx_HAL_Driver/Src/stm32f4xx_hal_sd.d" -MT"Drivers/STM32F4xx_HAL_Driver/Src/stm32f4xx_hal_sd.o" --specs=nano.specs -mfpu=fpv4-sp-d16 -mfloat-abi=hard -mthumb -o "Drivers/STM32F4xx_HAL_Driver/Src/stm32f4xx_hal_sd.o"
arm-none-eabi-gcc "../Drivers/STM32F4xx_HAL_Driver/Src/stm32f4xx_hal_sdram.c" -mcpu=cortex-m4 -std=gnu11 -g3 -DDEBUG -DSTM32 -DSTM32F429ZITx -DSTM32F4 -DNUCLEO_F429ZI -DUSE_HAL_DRIVER -DSTM32F429xx -c -I../Inc -I"/home/martin/CESE/PdM/TPs/PdM_workspace/TP4/Drivers/STM32F4xx_HAL_Driver/Inc" -I"/home/martin/CESE/PdM/TPs/PdM_workspace/TP4/Drivers/CMSIS/Include" -I"/home/martin/CESE/PdM/TPs/PdM_workspace/TP4/Drivers/CMSIS/Device/ST/STM32F4xx/Include" -I"/home/martin/CESE/PdM/TPs/PdM_workspace/TP4/Drivers/BSP/STM32F4xx_Nucleo_144" -I"/home/martin/CESE/PdM/TPs/PdM_workspace/TP4/Drivers/Core/Inc" -I"/home/martin/CESE/PdM/TPs/PdM_workspace/TP4/Drivers/API/Inc" -O0 -ffunction-sections -fdata-sections -Wall -fstack-usage -MMD -MP -MF"Drivers/STM32F4xx_HAL_Driver/Src/stm32f4xx_hal_sdram.d" -MT"Drivers/STM32F4xx_HAL_Driver/Src/stm32f4xx_hal_sdram.o" --specs=nano.specs -mfpu=fpv4-sp-d16 -mfloat-abi=hard -mthumb -o "Drivers/STM32F4xx_HAL_Driver/Src/stm32f4xx_hal_sdram.o"
arm-none-eabi-gcc "../Drivers/STM32F4xx_HAL_Driver/Src/stm32f4xx_hal_smartcard.c" -mcpu=cortex-m4 -std=gnu11 -g3 -DDEBUG -DSTM32 -DSTM32F429ZITx -DSTM32F4 -DNUCLEO_F429ZI -DUSE_HAL_DRIVER -DSTM32F429xx -c -I../Inc -I"/home/martin/CESE/PdM/TPs/PdM_workspace/TP4/Drivers/STM32F4xx_HAL_Driver/Inc" -I"/home/martin/CESE/PdM/TPs/PdM_workspace/TP4/Drivers/CMSIS/Include" -I"/home/martin/CESE/PdM/TPs/PdM_workspace/TP4/Drivers/CMSIS/Device/ST/STM32F4xx/Include" -I"/home/martin/CESE/PdM/TPs/PdM_workspace/TP4/Drivers/BSP/STM32F4xx_Nucleo_144" -I"/home/martin/CESE/PdM/TPs/PdM_workspace/TP4/Drivers/Core/Inc" -I"/home/martin/CESE/PdM/TPs/PdM_workspace/TP4/Drivers/API/Inc" -O0 -ffunction-sections -fdata-sections -Wall -fstack-usage -MMD -MP -MF"Drivers/STM32F4xx_HAL_Driver/Src/stm32f4xx_hal_smartcard.d" -MT"Drivers/STM32F4xx_HAL_Driver/Src/stm32f4xx_hal_smartcard.o" --specs=nano.specs -mfpu=fpv4-sp-d16 -mfloat-abi=hard -mthumb -o "Drivers/STM32F4xx_HAL_Driver/Src/stm32f4xx_hal_smartcard.o"
arm-none-eabi-gcc "../Drivers/STM32F4xx_HAL_Driver/Src/stm32f4xx_hal_smbus.c" -mcpu=cortex-m4 -std=gnu11 -g3 -DDEBUG -DSTM32 -DSTM32F429ZITx -DSTM32F4 -DNUCLEO_F429ZI -DUSE_HAL_DRIVER -DSTM32F429xx -c -I../Inc -I"/home/martin/CESE/PdM/TPs/PdM_workspace/TP4/Drivers/STM32F4xx_HAL_Driver/Inc" -I"/home/martin/CESE/PdM/TPs/PdM_workspace/TP4/Drivers/CMSIS/Include" -I"/home/martin/CESE/PdM/TPs/PdM_workspace/TP4/Drivers/CMSIS/Device/ST/STM32F4xx/Include" -I"/home/martin/CESE/PdM/TPs/PdM_workspace/TP4/Drivers/BSP/STM32F4xx_Nucleo_144" -I"/home/martin/CESE/PdM/TPs/PdM_workspace/TP4/Drivers/Core/Inc" -I"/home/martin/CESE/PdM/TPs/PdM_workspace/TP4/Drivers/API/Inc" -O0 -ffunction-sections -fdata-sections -Wall -fstack-usage -MMD -MP -MF"Drivers/STM32F4xx_HAL_Driver/Src/stm32f4xx_hal_smbus.d" -MT"Drivers/STM32F4xx_HAL_Driver/Src/stm32f4xx_hal_smbus.o" --specs=nano.specs -mfpu=fpv4-sp-d16 -mfloat-abi=hard -mthumb -o "Drivers/STM32F4xx_HAL_Driver/Src/stm32f4xx_hal_smbus.o"
arm-none-eabi-gcc "../Drivers/STM32F4xx_HAL_Driver/Src/stm32f4xx_hal_spdifrx.c" -mcpu=cortex-m4 -std=gnu11 -g3 -DDEBUG -DSTM32 -DSTM32F429ZITx -DSTM32F4 -DNUCLEO_F429ZI -DUSE_HAL_DRIVER -DSTM32F429xx -c -I../Inc -I"/home/martin/CESE/PdM/TPs/PdM_workspace/TP4/Drivers/STM32F4xx_HAL_Driver/Inc" -I"/home/martin/CESE/PdM/TPs/PdM_workspace/TP4/Drivers/CMSIS/Include" -I"/home/martin/CESE/PdM/TPs/PdM_workspace/TP4/Drivers/CMSIS/Device/ST/STM32F4xx/Include" -I"/home/martin/CESE/PdM/TPs/PdM_workspace/TP4/Drivers/BSP/STM32F4xx_Nucleo_144" -I"/home/martin/CESE/PdM/TPs/PdM_workspace/TP4/Drivers/Core/Inc" -I"/home/martin/CESE/PdM/TPs/PdM_workspace/TP4/Drivers/API/Inc" -O0 -ffunction-sections -fdata-sections -Wall -fstack-usage -MMD -MP -MF"Drivers/STM32F4xx_HAL_Driver/Src/stm32f4xx_hal_spdifrx.d" -MT"Drivers/STM32F4xx_HAL_Driver/Src/stm32f4xx_hal_spdifrx.o" --specs=nano.specs -mfpu=fpv4-sp-d16 -mfloat-abi=hard -mthumb -o "Drivers/STM32F4xx_HAL_Driver/Src/stm32f4xx_hal_spdifrx.o"
arm-none-eabi-gcc "../Drivers/STM32F4xx_HAL_Driver/Src/stm32f4xx_hal_spi.c" -mcpu=cortex-m4 -std=gnu11 -g3 -DDEBUG -DSTM32 -DSTM32F429ZITx -DSTM32F4 -DNUCLEO_F429ZI -DUSE_HAL_DRIVER -DSTM32F429xx -c -I../Inc -I"/home/martin/CESE/PdM/TPs/PdM_workspace/TP4/Drivers/STM32F4xx_HAL_Driver/Inc" -I"/home/martin/CESE/PdM/TPs/PdM_workspace/TP4/Drivers/CMSIS/Include" -I"/home/martin/CESE/PdM/TPs/PdM_workspace/TP4/Drivers/CMSIS/Device/ST/STM32F4xx/Include" -I"/home/martin/CESE/PdM/TPs/PdM_workspace/TP4/Drivers/BSP/STM32F4xx_Nucleo_144" -I"/home/martin/CESE/PdM/TPs/PdM_workspace/TP4/Drivers/Core/Inc" -I"/home/martin/CESE/PdM/TPs/PdM_workspace/TP4/Drivers/API/Inc" -O0 -ffunction-sections -fdata-sections -Wall -fstack-usage -MMD -MP -MF"Drivers/STM32F4xx_HAL_Driver/Src/stm32f4xx_hal_spi.d" -MT"Drivers/STM32F4xx_HAL_Driver/Src/stm32f4xx_hal_spi.o" --specs=nano.specs -mfpu=fpv4-sp-d16 -mfloat-abi=hard -mthumb -o "Drivers/STM32F4xx_HAL_Driver/Src/stm32f4xx_hal_spi.o"
arm-none-eabi-gcc "../Drivers/STM32F4xx_HAL_Driver/Src/stm32f4xx_hal_sram.c" -mcpu=cortex-m4 -std=gnu11 -g3 -DDEBUG -DSTM32 -DSTM32F429ZITx -DSTM32F4 -DNUCLEO_F429ZI -DUSE_HAL_DRIVER -DSTM32F429xx -c -I../Inc -I"/home/martin/CESE/PdM/TPs/PdM_workspace/TP4/Drivers/STM32F4xx_HAL_Driver/Inc" -I"/home/martin/CESE/PdM/TPs/PdM_workspace/TP4/Drivers/CMSIS/Include" -I"/home/martin/CESE/PdM/TPs/PdM_workspace/TP4/Drivers/CMSIS/Device/ST/STM32F4xx/Include" -I"/home/martin/CESE/PdM/TPs/PdM_workspace/TP4/Drivers/BSP/STM32F4xx_Nucleo_144" -I"/home/martin/CESE/PdM/TPs/PdM_workspace/TP4/Drivers/Core/Inc" -I"/home/martin/CESE/PdM/TPs/PdM_workspace/TP4/Drivers/API/Inc" -O0 -ffunction-sections -fdata-sections -Wall -fstack-usage -MMD -MP -MF"Drivers/STM32F4xx_HAL_Driver/Src/stm32f4xx_hal_sram.d" -MT"Drivers/STM32F4xx_HAL_Driver/Src/stm32f4xx_hal_sram.o" --specs=nano.specs -mfpu=fpv4-sp-d16 -mfloat-abi=hard -mthumb -o "Drivers/STM32F4xx_HAL_Driver/Src/stm32f4xx_hal_sram.o"
arm-none-eabi-gcc "../Drivers/STM32F4xx_HAL_Driver/Src/stm32f4xx_hal_tim.c" -mcpu=cortex-m4 -std=gnu11 -g3 -DDEBUG -DSTM32 -DSTM32F429ZITx -DSTM32F4 -DNUCLEO_F429ZI -DUSE_HAL_DRIVER -DSTM32F429xx -c -I../Inc -I"/home/martin/CESE/PdM/TPs/PdM_workspace/TP4/Drivers/STM32F4xx_HAL_Driver/Inc" -I"/home/martin/CESE/PdM/TPs/PdM_workspace/TP4/Drivers/CMSIS/Include" -I"/home/martin/CESE/PdM/TPs/PdM_workspace/TP4/Drivers/CMSIS/Device/ST/STM32F4xx/Include" -I"/home/martin/CESE/PdM/TPs/PdM_workspace/TP4/Drivers/BSP/STM32F4xx_Nucleo_144" -I"/home/martin/CESE/PdM/TPs/PdM_workspace/TP4/Drivers/Core/Inc" -I"/home/martin/CESE/PdM/TPs/PdM_workspace/TP4/Drivers/API/Inc" -O0 -ffunction-sections -fdata-sections -Wall -fstack-usage -MMD -MP -MF"Drivers/STM32F4xx_HAL_Driver/Src/stm32f4xx_hal_tim.d" -MT"Drivers/STM32F4xx_HAL_Driver/Src/stm32f4xx_hal_tim.o" --specs=nano.specs -mfpu=fpv4-sp-d16 -mfloat-abi=hard -mthumb -o "Drivers/STM32F4xx_HAL_Driver/Src/stm32f4xx_hal_tim.o"
arm-none-eabi-gcc "../Drivers/STM32F4xx_HAL_Driver/Src/stm32f4xx_hal_tim_ex.c" -mcpu=cortex-m4 -std=gnu11 -g3 -DDEBUG -DSTM32 -DSTM32F429ZITx -DSTM32F4 -DNUCLEO_F429ZI -DUSE_HAL_DRIVER -DSTM32F429xx -c -I../Inc -I"/home/martin/CESE/PdM/TPs/PdM_workspace/TP4/Drivers/STM32F4xx_HAL_Driver/Inc" -I"/home/martin/CESE/PdM/TPs/PdM_workspace/TP4/Drivers/CMSIS/Include" -I"/home/martin/CESE/PdM/TPs/PdM_workspace/TP4/Drivers/CMSIS/Device/ST/STM32F4xx/Include" -I"/home/martin/CESE/PdM/TPs/PdM_workspace/TP4/Drivers/BSP/STM32F4xx_Nucleo_144" -I"/home/martin/CESE/PdM/TPs/PdM_workspace/TP4/Drivers/Core/Inc" -I"/home/martin/CESE/PdM/TPs/PdM_workspace/TP4/Drivers/API/Inc" -O0 -ffunction-sections -fdata-sections -Wall -fstack-usage -MMD -MP -MF"Drivers/STM32F4xx_HAL_Driver/Src/stm32f4xx_hal_tim_ex.d" -MT"Drivers/STM32F4xx_HAL_Driver/Src/stm32f4xx_hal_tim_ex.o" --specs=nano.specs -mfpu=fpv4-sp-d16 -mfloat-abi=hard -mthumb -o "Drivers/STM32F4xx_HAL_Driver/Src/stm32f4xx_hal_tim_ex.o"
arm-none-eabi-gcc "../Drivers/STM32F4xx_HAL_Driver/Src/stm32f4xx_hal_uart.c" -mcpu=cortex-m4 -std=gnu11 -g3 -DDEBUG -DSTM32 -DSTM32F429ZITx -DSTM32F4 -DNUCLEO_F429ZI -DUSE_HAL_DRIVER -DSTM32F429xx -c -I../Inc -I"/home/martin/CESE/PdM/TPs/PdM_workspace/TP4/Drivers/STM32F4xx_HAL_Driver/Inc" -I"/home/martin/CESE/PdM/TPs/PdM_workspace/TP4/Drivers/CMSIS/Include" -I"/home/martin/CESE/PdM/TPs/PdM_workspace/TP4/Drivers/CMSIS/Device/ST/STM32F4xx/Include" -I"/home/martin/CESE/PdM/TPs/PdM_workspace/TP4/Drivers/BSP/STM32F4xx_Nucleo_144" -I"/home/martin/CESE/PdM/TPs/PdM_workspace/TP4/Drivers/Core/Inc" -I"/home/martin/CESE/PdM/TPs/PdM_workspace/TP4/Drivers/API/Inc" -O0 -ffunction-sections -fdata-sections -Wall -fstack-usage -MMD -MP -MF"Drivers/STM32F4xx_HAL_Driver/Src/stm32f4xx_hal_uart.d" -MT"Drivers/STM32F4xx_HAL_Driver/Src/stm32f4xx_hal_uart.o" --specs=nano.specs -mfpu=fpv4-sp-d16 -mfloat-abi=hard -mthumb -o "Drivers/STM32F4xx_HAL_Driver/Src/stm32f4xx_hal_uart.o"
arm-none-eabi-gcc "../Drivers/STM32F4xx_HAL_Driver/Src/stm32f4xx_hal_usart.c" -mcpu=cortex-m4 -std=gnu11 -g3 -DDEBUG -DSTM32 -DSTM32F429ZITx -DSTM32F4 -DNUCLEO_F429ZI -DUSE_HAL_DRIVER -DSTM32F429xx -c -I../Inc -I"/home/martin/CESE/PdM/TPs/PdM_workspace/TP4/Drivers/STM32F4xx_HAL_Driver/Inc" -I"/home/martin/CESE/PdM/TPs/PdM_workspace/TP4/Drivers/CMSIS/Include" -I"/home/martin/CESE/PdM/TPs/PdM_workspace/TP4/Drivers/CMSIS/Device/ST/STM32F4xx/Include" -I"/home/martin/CESE/PdM/TPs/PdM_workspace/TP4/Drivers/BSP/STM32F4xx_Nucleo_144" -I"/home/martin/CESE/PdM/TPs/PdM_workspace/TP4/Drivers/Core/Inc" -I"/home/martin/CESE/PdM/TPs/PdM_workspace/TP4/Drivers/API/Inc" -O0 -ffunction-sections -fdata-sections -Wall -fstack-usage -MMD -MP -MF"Drivers/STM32F4xx_HAL_Driver/Src/stm32f4xx_hal_usart.d" -MT"Drivers/STM32F4xx_HAL_Driver/Src/stm32f4xx_hal_usart.o" --specs=nano.specs -mfpu=fpv4-sp-d16 -mfloat-abi=hard -mthumb -o "Drivers/STM32F4xx_HAL_Driver/Src/stm32f4xx_hal_usart.o"
arm-none-eabi-gcc "../Drivers/STM32F4xx_HAL_Driver/Src/stm32f4xx_hal_wwdg.c" -mcpu=cortex-m4 -std=gnu11 -g3 -DDEBUG -DSTM32 -DSTM32F429ZITx -DSTM32F4 -DNUCLEO_F429ZI -DUSE_HAL_DRIVER -DSTM32F429xx -c -I../Inc -I"/home/martin/CESE/PdM/TPs/PdM_workspace/TP4/Drivers/STM32F4xx_HAL_Driver/Inc" -I"/home/martin/CESE/PdM/TPs/PdM_workspace/TP4/Drivers/CMSIS/Include" -I"/home/martin/CESE/PdM/TPs/PdM_workspace/TP4/Drivers/CMSIS/Device/ST/STM32F4xx/Include" -I"/home/martin/CESE/PdM/TPs/PdM_workspace/TP4/Drivers/BSP/STM32F4xx_Nucleo_144" -I"/home/martin/CESE/PdM/TPs/PdM_workspace/TP4/Drivers/Core/Inc" -I"/home/martin/CESE/PdM/TPs/PdM_workspace/TP4/Drivers/API/Inc" -O0 -ffunction-sections -fdata-sections -Wall -fstack-usage -MMD -MP -MF"Drivers/STM32F4xx_HAL_Driver/Src/stm32f4xx_hal_wwdg.d" -MT"Drivers/STM32F4xx_HAL_Driver/Src/stm32f4xx_hal_wwdg.o" --specs=nano.specs -mfpu=fpv4-sp-d16 -mfloat-abi=hard -mthumb -o "Drivers/STM32F4xx_HAL_Driver/Src/stm32f4xx_hal_wwdg.o"
arm-none-eabi-gcc "../Drivers/STM32F4xx_HAL_Driver/Src/stm32f4xx_ll_adc.c" -mcpu=cortex-m4 -std=gnu11 -g3 -DDEBUG -DSTM32 -DSTM32F429ZITx -DSTM32F4 -DNUCLEO_F429ZI -DUSE_HAL_DRIVER -DSTM32F429xx -c -I../Inc -I"/home/martin/CESE/PdM/TPs/PdM_workspace/TP4/Drivers/STM32F4xx_HAL_Driver/Inc" -I"/home/martin/CESE/PdM/TPs/PdM_workspace/TP4/Drivers/CMSIS/Include" -I"/home/martin/CESE/PdM/TPs/PdM_workspace/TP4/Drivers/CMSIS/Device/ST/STM32F4xx/Include" -I"/home/martin/CESE/PdM/TPs/PdM_workspace/TP4/Drivers/BSP/STM32F4xx_Nucleo_144" -I"/home/martin/CESE/PdM/TPs/PdM_workspace/TP4/Drivers/Core/Inc" -I"/home/martin/CESE/PdM/TPs/PdM_workspace/TP4/Drivers/API/Inc" -O0 -ffunction-sections -fdata-sections -Wall -fstack-usage -MMD -MP -MF"Drivers/STM32F4xx_HAL_Driver/Src/stm32f4xx_ll_adc.d" -MT"Drivers/STM32F4xx_HAL_Driver/Src/stm32f4xx_ll_adc.o" --specs=nano.specs -mfpu=fpv4-sp-d16 -mfloat-abi=hard -mthumb -o "Drivers/STM32F4xx_HAL_Driver/Src/stm32f4xx_ll_adc.o"
arm-none-eabi-gcc "../Drivers/STM32F4xx_HAL_Driver/Src/stm32f4xx_ll_crc.c" -mcpu=cortex-m4 -std=gnu11 -g3 -DDEBUG -DSTM32 -DSTM32F429ZITx -DSTM32F4 -DNUCLEO_F429ZI -DUSE_HAL_DRIVER -DSTM32F429xx -c -I../Inc -I"/home/martin/CESE/PdM/TPs/PdM_workspace/TP4/Drivers/STM32F4xx_HAL_Driver/Inc" -I"/home/martin/CESE/PdM/TPs/PdM_workspace/TP4/Drivers/CMSIS/Include" -I"/home/martin/CESE/PdM/TPs/PdM_workspace/TP4/Drivers/CMSIS/Device/ST/STM32F4xx/Include" -I"/home/martin/CESE/PdM/TPs/PdM_workspace/TP4/Drivers/BSP/STM32F4xx_Nucleo_144" -I"/home/martin/CESE/PdM/TPs/PdM_workspace/TP4/Drivers/Core/Inc" -I"/home/martin/CESE/PdM/TPs/PdM_workspace/TP4/Drivers/API/Inc" -O0 -ffunction-sections -fdata-sections -Wall -fstack-usage -MMD -MP -MF"Drivers/STM32F4xx_HAL_Driver/Src/stm32f4xx_ll_crc.d" -MT"Drivers/STM32F4xx_HAL_Driver/Src/stm32f4xx_ll_crc.o" --specs=nano.specs -mfpu=fpv4-sp-d16 -mfloat-abi=hard -mthumb -o "Drivers/STM32F4xx_HAL_Driver/Src/stm32f4xx_ll_crc.o"
arm-none-eabi-gcc "../Drivers/STM32F4xx_HAL_Driver/Src/stm32f4xx_ll_dac.c" -mcpu=cortex-m4 -std=gnu11 -g3 -DDEBUG -DSTM32 -DSTM32F429ZITx -DSTM32F4 -DNUCLEO_F429ZI -DUSE_HAL_DRIVER -DSTM32F429xx -c -I../Inc -I"/home/martin/CESE/PdM/TPs/PdM_workspace/TP4/Drivers/STM32F4xx_HAL_Driver/Inc" -I"/home/martin/CESE/PdM/TPs/PdM_workspace/TP4/Drivers/CMSIS/Include" -I"/home/martin/CESE/PdM/TPs/PdM_workspace/TP4/Drivers/CMSIS/Device/ST/STM32F4xx/Include" -I"/home/martin/CESE/PdM/TPs/PdM_workspace/TP4/Drivers/BSP/STM32F4xx_Nucleo_144" -I"/home/martin/CESE/PdM/TPs/PdM_workspace/TP4/Drivers/Core/Inc" -I"/home/martin/CESE/PdM/TPs/PdM_workspace/TP4/Drivers/API/Inc" -O0 -ffunction-sections -fdata-sections -Wall -fstack-usage -MMD -MP -MF"Drivers/STM32F4xx_HAL_Driver/Src/stm32f4xx_ll_dac.d" -MT"Drivers/STM32F4xx_HAL_Driver/Src/stm32f4xx_ll_dac.o" --specs=nano.specs -mfpu=fpv4-sp-d16 -mfloat-abi=hard -mthumb -o "Drivers/STM32F4xx_HAL_Driver/Src/stm32f4xx_ll_dac.o"
arm-none-eabi-gcc "../Drivers/STM32F4xx_HAL_Driver/Src/stm32f4xx_ll_dma.c" -mcpu=cortex-m4 -std=gnu11 -g3 -DDEBUG -DSTM32 -DSTM32F429ZITx -DSTM32F4 -DNUCLEO_F429ZI -DUSE_HAL_DRIVER -DSTM32F429xx -c -I../Inc -I"/home/martin/CESE/PdM/TPs/PdM_workspace/TP4/Drivers/STM32F4xx_HAL_Driver/Inc" -I"/home/martin/CESE/PdM/TPs/PdM_workspace/TP4/Drivers/CMSIS/Include" -I"/home/martin/CESE/PdM/TPs/PdM_workspace/TP4/Drivers/CMSIS/Device/ST/STM32F4xx/Include" -I"/home/martin/CESE/PdM/TPs/PdM_workspace/TP4/Drivers/BSP/STM32F4xx_Nucleo_144" -I"/home/martin/CESE/PdM/TPs/PdM_workspace/TP4/Drivers/Core/Inc" -I"/home/martin/CESE/PdM/TPs/PdM_workspace/TP4/Drivers/API/Inc" -O0 -ffunction-sections -fdata-sections -Wall -fstack-usage -MMD -MP -MF"Drivers/STM32F4xx_HAL_Driver/Src/stm32f4xx_ll_dma.d" -MT"Drivers/STM32F4xx_HAL_Driver/Src/stm32f4xx_ll_dma.o" --specs=nano.specs -mfpu=fpv4-sp-d16 -mfloat-abi=hard -mthumb -o "Drivers/STM32F4xx_HAL_Driver/Src/stm32f4xx_ll_dma.o"
arm-none-eabi-gcc "../Drivers/STM32F4xx_HAL_Driver/Src/stm32f4xx_ll_dma2d.c" -mcpu=cortex-m4 -std=gnu11 -g3 -DDEBUG -DSTM32 -DSTM32F429ZITx -DSTM32F4 -DNUCLEO_F429ZI -DUSE_HAL_DRIVER -DSTM32F429xx -c -I../Inc -I"/home/martin/CESE/PdM/TPs/PdM_workspace/TP4/Drivers/STM32F4xx_HAL_Driver/Inc" -I"/home/martin/CESE/PdM/TPs/PdM_workspace/TP4/Drivers/CMSIS/Include" -I"/home/martin/CESE/PdM/TPs/PdM_workspace/TP4/Drivers/CMSIS/Device/ST/STM32F4xx/Include" -I"/home/martin/CESE/PdM/TPs/PdM_workspace/TP4/Drivers/BSP/STM32F4xx_Nucleo_144" -I"/home/martin/CESE/PdM/TPs/PdM_workspace/TP4/Drivers/Core/Inc" -I"/home/martin/CESE/PdM/TPs/PdM_workspace/TP4/Drivers/API/Inc" -O0 -ffunction-sections -fdata-sections -Wall -fstack-usage -MMD -MP -MF"Drivers/STM32F4xx_HAL_Driver/Src/stm32f4xx_ll_dma2d.d" -MT"Drivers/STM32F4xx_HAL_Driver/Src/stm32f4xx_ll_dma2d.o" --specs=nano.specs -mfpu=fpv4-sp-d16 -mfloat-abi=hard -mthumb -o "Drivers/STM32F4xx_HAL_Driver/Src/stm32f4xx_ll_dma2d.o"
arm-none-eabi-gcc "../Drivers/STM32F4xx_HAL_Driver/Src/stm32f4xx_ll_exti.c" -mcpu=cortex-m4 -std=gnu11 -g3 -DDEBUG -DSTM32 -DSTM32F429ZITx -DSTM32F4 -DNUCLEO_F429ZI -DUSE_HAL_DRIVER -DSTM32F429xx -c -I../Inc -I"/home/martin/CESE/PdM/TPs/PdM_workspace/TP4/Drivers/STM32F4xx_HAL_Driver/Inc" -I"/home/martin/CESE/PdM/TPs/PdM_workspace/TP4/Drivers/CMSIS/Include" -I"/home/martin/CESE/PdM/TPs/PdM_workspace/TP4/Drivers/CMSIS/Device/ST/STM32F4xx/Include" -I"/home/martin/CESE/PdM/TPs/PdM_workspace/TP4/Drivers/BSP/STM32F4xx_Nucleo_144" -I"/home/martin/CESE/PdM/TPs/PdM_workspace/TP4/Drivers/Core/Inc" -I"/home/martin/CESE/PdM/TPs/PdM_workspace/TP4/Drivers/API/Inc" -O0 -ffunction-sections -fdata-sections -Wall -fstack-usage -MMD -MP -MF"Drivers/STM32F4xx_HAL_Driver/Src/stm32f4xx_ll_exti.d" -MT"Drivers/STM32F4xx_HAL_Driver/Src/stm32f4xx_ll_exti.o" --specs=nano.specs -mfpu=fpv4-sp-d16 -mfloat-abi=hard -mthumb -o "Drivers/STM32F4xx_HAL_Driver/Src/stm32f4xx_ll_exti.o"
arm-none-eabi-gcc "../Drivers/STM32F4xx_HAL_Driver/Src/stm32f4xx_ll_fmc.c" -mcpu=cortex-m4 -std=gnu11 -g3 -DDEBUG -DSTM32 -DSTM32F429ZITx -DSTM32F4 -DNUCLEO_F429ZI -DUSE_HAL_DRIVER -DSTM32F429xx -c -I../Inc -I"/home/martin/CESE/PdM/TPs/PdM_workspace/TP4/Drivers/STM32F4xx_HAL_Driver/Inc" -I"/home/martin/CESE/PdM/TPs/PdM_workspace/TP4/Drivers/CMSIS/Include" -I"/home/martin/CESE/PdM/TPs/PdM_workspace/TP4/Drivers/CMSIS/Device/ST/STM32F4xx/Include" -I"/home/martin/CESE/PdM/TPs/PdM_workspace/TP4/Drivers/BSP/STM32F4xx_Nucleo_144" -I"/home/martin/CESE/PdM/TPs/PdM_workspace/TP4/Drivers/Core/Inc" -I"/home/martin/CESE/PdM/TPs/PdM_workspace/TP4/Drivers/API/Inc" -O0 -ffunction-sections -fdata-sections -Wall -fstack-usage -MMD -MP -MF"Drivers/STM32F4xx_HAL_Driver/Src/stm32f4xx_ll_fmc.d" -MT"Drivers/STM32F4xx_HAL_Driver/Src/stm32f4xx_ll_fmc.o" --specs=nano.specs -mfpu=fpv4-sp-d16 -mfloat-abi=hard -mthumb -o "Drivers/STM32F4xx_HAL_Driver/Src/stm32f4xx_ll_fmc.o"
arm-none-eabi-gcc "../Drivers/STM32F4xx_HAL_Driver/Src/stm32f4xx_ll_fmpi2c.c" -mcpu=cortex-m4 -std=gnu11 -g3 -DDEBUG -DSTM32 -DSTM32F429ZITx -DSTM32F4 -DNUCLEO_F429ZI -DUSE_HAL_DRIVER -DSTM32F429xx -c -I../Inc -I"/home/martin/CESE/PdM/TPs/PdM_workspace/TP4/Drivers/STM32F4xx_HAL_Driver/Inc" -I"/home/martin/CESE/PdM/TPs/PdM_workspace/TP4/Drivers/CMSIS/Include" -I"/home/martin/CESE/PdM/TPs/PdM_workspace/TP4/Drivers/CMSIS/Device/ST/STM32F4xx/Include" -I"/home/martin/CESE/PdM/TPs/PdM_workspace/TP4/Drivers/BSP/STM32F4xx_Nucleo_144" -I"/home/martin/CESE/PdM/TPs/PdM_workspace/TP4/Drivers/Core/Inc" -I"/home/martin/CESE/PdM/TPs/PdM_workspace/TP4/Drivers/API/Inc" -O0 -ffunction-sections -fdata-sections -Wall -fstack-usage -MMD -MP -MF"Drivers/STM32F4xx_HAL_Driver/Src/stm32f4xx_ll_fmpi2c.d" -MT"Drivers/STM32F4xx_HAL_Driver/Src/stm32f4xx_ll_fmpi2c.o" --specs=nano.specs -mfpu=fpv4-sp-d16 -mfloat-abi=hard -mthumb -o "Drivers/STM32F4xx_HAL_Driver/Src/stm32f4xx_ll_fmpi2c.o"
arm-none-eabi-gcc "../Drivers/STM32F4xx_HAL_Driver/Src/stm32f4xx_ll_fsmc.c" -mcpu=cortex-m4 -std=gnu11 -g3 -DDEBUG -DSTM32 -DSTM32F429ZITx -DSTM32F4 -DNUCLEO_F429ZI -DUSE_HAL_DRIVER -DSTM32F429xx -c -I../Inc -I"/home/martin/CESE/PdM/TPs/PdM_workspace/TP4/Drivers/STM32F4xx_HAL_Driver/Inc" -I"/home/martin/CESE/PdM/TPs/PdM_workspace/TP4/Drivers/CMSIS/Include" -I"/home/martin/CESE/PdM/TPs/PdM_workspace/TP4/Drivers/CMSIS/Device/ST/STM32F4xx/Include" -I"/home/martin/CESE/PdM/TPs/PdM_workspace/TP4/Drivers/BSP/STM32F4xx_Nucleo_144" -I"/home/martin/CESE/PdM/TPs/PdM_workspace/TP4/Drivers/Core/Inc" -I"/home/martin/CESE/PdM/TPs/PdM_workspace/TP4/Drivers/API/Inc" -O0 -ffunction-sections -fdata-sections -Wall -fstack-usage -MMD -MP -MF"Drivers/STM32F4xx_HAL_Driver/Src/stm32f4xx_ll_fsmc.d" -MT"Drivers/STM32F4xx_HAL_Driver/Src/stm32f4xx_ll_fsmc.o" --specs=nano.specs -mfpu=fpv4-sp-d16 -mfloat-abi=hard -mthumb -o "Drivers/STM32F4xx_HAL_Driver/Src/stm32f4xx_ll_fsmc.o"
arm-none-eabi-gcc "../Drivers/STM32F4xx_HAL_Driver/Src/stm32f4xx_ll_gpio.c" -mcpu=cortex-m4 -std=gnu11 -g3 -DDEBUG -DSTM32 -DSTM32F429ZITx -DSTM32F4 -DNUCLEO_F429ZI -DUSE_HAL_DRIVER -DSTM32F429xx -c -I../Inc -I"/home/martin/CESE/PdM/TPs/PdM_workspace/TP4/Drivers/STM32F4xx_HAL_Driver/Inc" -I"/home/martin/CESE/PdM/TPs/PdM_workspace/TP4/Drivers/CMSIS/Include" -I"/home/martin/CESE/PdM/TPs/PdM_workspace/TP4/Drivers/CMSIS/Device/ST/STM32F4xx/Include" -I"/home/martin/CESE/PdM/TPs/PdM_workspace/TP4/Drivers/BSP/STM32F4xx_Nucleo_144" -I"/home/martin/CESE/PdM/TPs/PdM_workspace/TP4/Drivers/Core/Inc" -I"/home/martin/CESE/PdM/TPs/PdM_workspace/TP4/Drivers/API/Inc" -O0 -ffunction-sections -fdata-sections -Wall -fstack-usage -MMD -MP -MF"Drivers/STM32F4xx_HAL_Driver/Src/stm32f4xx_ll_gpio.d" -MT"Drivers/STM32F4xx_HAL_Driver/Src/stm32f4xx_ll_gpio.o" --specs=nano.specs -mfpu=fpv4-sp-d16 -mfloat-abi=hard -mthumb -o "Drivers/STM32F4xx_HAL_Driver/Src/stm32f4xx_ll_gpio.o"
[...]
   8524	     36	   1636	  10196	   27d4	TP4.elf
Finished building: default.size.stdout
 
Finished building: TP4.bin
 
Finished building: TP4.list
 
21:45:45 **** Incremental Build of configuration Debug for project TP4 ****
make -j4 all 
arm-none-eabi-gcc "../Src/main.c" -mcpu=cortex-m4 -std=gnu11 -g3 -DDEBUG -DSTM32 -DSTM32F429ZITx -DSTM32F4 -DNUCLEO_F429ZI -DUSE_HAL_DRIVER -DSTM32F429xx -c -I../Inc -I"/home/martin/CESE/PdM/TPs/PdM_workspace/TP4/Drivers/STM32F4xx_HAL_Driver/Inc" -I"/home/martin/CESE/PdM/TPs/PdM_workspace/TP4/Drivers/CMSIS/Include" -I"/home/martin/CESE/PdM/TPs/PdM_workspace/TP4/Drivers/CMSIS/Device/ST/STM32F4xx/Include" -I"/home/martin/CESE/PdM/TPs/PdM_workspace/TP4/Drivers/BSP/STM32F4xx_Nucleo_144" -I"/home/martin/CESE/PdM/TPs/PdM_workspace/TP4/Drivers/Core/Inc" -I"/home/martin/CESE/PdM/TPs/PdM_workspace/TP4/Drivers/API/Inc" -O0 -ffunction-sections -fdata-sections -Wall -fstack-usage -MMD -MP -MF"Src/main.d" -MT"Src/main.o" --specs=nano.specs -mfpu=fpv4-sp-d16 -mfloat-abi=hard -mthumb -o "Src/main.o"
../Src/main.c: In function 'main':
../Src/main.c:89:18: warning: passing argument 1 of 'uartSendString' from incompatible pointer type [-Wincompatible-pointer-types]
   89 |   uartSendString(&Booteo);
      |                  ^~~~~~~
      |                  |
      |                  uint8_t (*)[28] {aka unsigned char (*)[28]}
In file included from ../Src/main.c:24:
/home/martin/CESE/PdM/TPs/PdM_workspace/TP4/Drivers/API/Inc/API_uart.h:20:30: note: expected 'uint8_t *' {aka 'unsigned char *'} but argument is of type 'uint8_t (*)[28]' {aka 'unsigned char (*)[28]'}
   20 | void uartSendString(uint8_t *pstring);
      |                     ~~~~~~~~~^~~~~~~
arm-none-eabi-gcc -o "TP4.elf" @"objects.list"   -mcpu=cortex-m4 -T"/home/martin/CESE/PdM/TPs/PdM_workspace/TP4/STM32F429ZITX_FLASH.ld" --specs=nosys.specs -Wl,-Map="TP4.map" -Wl,--gc-sections -static --specs=nano.specs -mfpu=fpv4-sp-d16 -mfloat-abi=hard -mthumb -Wl,--start-group -lc -lm -Wl,--end-group
Finished building target: TP4.elf
 
arm-none-eabi-size   TP4.elf 
arm-none-eabi-objdump -h -S  TP4.elf  > "TP4.list"
   text	   data	    bss	    dec	    hex	filename
   8524	     36	   1636	  10196	   27d4	TP4.elf
arm-none-eabi-objcopy  -O binary  TP4.elf  "TP4.bin"
Finished building: default.size.stdout
 
Finished building: TP4.bin
 
Finished building: TP4.list
 
21:46:17 **** Incremental Build of configuration Debug for project TP4 ****
make -j4 all 
arm-none-eabi-gcc "../Src/main.c" -mcpu=cortex-m4 -std=gnu11 -g3 -DDEBUG -DSTM32 -DSTM32F429ZITx -DSTM32F4 -DNUCLEO_F429ZI -DUSE_HAL_DRIVER -DSTM32F429xx -c -I../Inc -I"/home/martin/CESE/PdM/TPs/PdM_workspace/TP4/Drivers/STM32F4xx_HAL_Driver/Inc" -I"/home/martin/CESE/PdM/TPs/PdM_workspace/TP4/Drivers/CMSIS/Include" -I"/home/martin/CESE/PdM/TPs/PdM_workspace/TP4/Drivers/CMSIS/Device/ST/STM32F4xx/Include" -I"/home/martin/CESE/PdM/TPs/PdM_workspace/TP4/Drivers/BSP/STM32F4xx_Nucleo_144" -I"/home/martin/CESE/PdM/TPs/PdM_workspace/TP4/Drivers/Core/Inc" -I"/home/martin/CESE/PdM/TPs/PdM_workspace/TP4/Drivers/API/Inc" -O0 -ffunction-sections -fdata-sections -Wall -fstack-usage -MMD -MP -MF"Src/main.d" -MT"Src/main.o" --specs=nano.specs -mfpu=fpv4-sp-d16 -mfloat-abi=hard -mthumb -o "Src/main.o"
../Src/main.c: In function 'main':
../Src/main.c:90:18: warning: passing argument 1 of 'uartSendString' from incompatible pointer type [-Wincompatible-pointer-types]
   90 |   uartSendString(&Booteo);
      |                  ^~~~~~~
      |                  |
      |                  uint8_t (*)[28] {aka unsigned char (*)[28]}
In file included from ../Src/main.c:24:
/home/martin/CESE/PdM/TPs/PdM_workspace/TP4/Drivers/API/Inc/API_uart.h:20:30: note: expected 'uint8_t *' {aka 'unsigned char *'} but argument is of type 'uint8_t (*)[28]' {aka 'unsigned char (*)[28]'}
   20 | void uartSendString(uint8_t *pstring);
      |                     ~~~~~~~~~^~~~~~~
arm-none-eabi-gcc -o "TP4.elf" @"objects.list"   -mcpu=cortex-m4 -T"/home/martin/CESE/PdM/TPs/PdM_workspace/TP4/STM32F429ZITX_FLASH.ld" --specs=nosys.specs -Wl,-Map="TP4.map" -Wl,--gc-sections -static --specs=nano.specs -mfpu=fpv4-sp-d16 -mfloat-abi=hard -mthumb -Wl,--start-group -lc -lm -Wl,--end-group
Finished building target: TP4.elf
 
arm-none-eabi-size   TP4.elf 
arm-none-eabi-objdump -h -S  TP4.elf  > "TP4.list"
arm-none-eabi-objcopy  -O binary  TP4.elf  "TP4.bin"
   text	   data	    bss	    dec	    hex	filename
   8792	     36	   1636	  10464	   28e0	TP4.elf
Finished building: default.size.stdout
 
Finished building: TP4.bin
 
Finished building: TP4.list
 
21:49:39 **** Incremental Build of configuration Debug for project TP4 ****
make -j4 all 
arm-none-eabi-gcc "../Src/main.c" -mcpu=cortex-m4 -std=gnu11 -g3 -DDEBUG -DSTM32 -DSTM32F429ZITx -DSTM32F4 -DNUCLEO_F429ZI -DUSE_HAL_DRIVER -DSTM32F429xx -c -I../Inc -I"/home/martin/CESE/PdM/TPs/PdM_workspace/TP4/Drivers/STM32F4xx_HAL_Driver/Inc" -I"/home/martin/CESE/PdM/TPs/PdM_workspace/TP4/Drivers/CMSIS/Include" -I"/home/martin/CESE/PdM/TPs/PdM_workspace/TP4/Drivers/CMSIS/Device/ST/STM32F4xx/Include" -I"/home/martin/CESE/PdM/TPs/PdM_workspace/TP4/Drivers/BSP/STM32F4xx_Nucleo_144" -I"/home/martin/CESE/PdM/TPs/PdM_workspace/TP4/Drivers/Core/Inc" -I"/home/martin/CESE/PdM/TPs/PdM_workspace/TP4/Drivers/API/Inc" -O0 -ffunction-sections -fdata-sections -Wall -fstack-usage -MMD -MP -MF"Src/main.d" -MT"Src/main.o" --specs=nano.specs -mfpu=fpv4-sp-d16 -mfloat-abi=hard -mthumb -o "Src/main.o"
../Src/main.c: In function 'main':
../Src/main.c:90:18: warning: passing argument 1 of 'uartSendString' from incompatible pointer type [-Wincompatible-pointer-types]
   90 |   uartSendString(&Booteo);
      |                  ^~~~~~~
      |                  |
      |                  uint8_t (*)[28] {aka unsigned char (*)[28]}
In file included from ../Src/main.c:24:
/home/martin/CESE/PdM/TPs/PdM_workspace/TP4/Drivers/API/Inc/API_uart.h:20:30: note: expected 'uint8_t *' {aka 'unsigned char *'} but argument is of type 'uint8_t (*)[28]' {aka 'unsigned char (*)[28]'}
   20 | void uartSendString(uint8_t *pstring);
      |                     ~~~~~~~~~^~~~~~~
../Src/main.c:98:20: warning: passing argument 1 of 'uartSendString' makes pointer from integer without a cast [-Wint-conversion]
   98 |     uartSendString(*Booteo);
      |                    ^~~~~~~
      |                    |
      |                    uint8_t {aka unsigned char}
In file included from ../Src/main.c:24:
/home/martin/CESE/PdM/TPs/PdM_workspace/TP4/Drivers/API/Inc/API_uart.h:20:30: note: expected 'uint8_t *' {aka 'unsigned char *'} but argument is of type 'uint8_t' {aka 'unsigned char'}
   20 | void uartSendString(uint8_t *pstring);
      |                     ~~~~~~~~~^~~~~~~
arm-none-eabi-gcc -o "TP4.elf" @"objects.list"   -mcpu=cortex-m4 -T"/home/martin/CESE/PdM/TPs/PdM_workspace/TP4/STM32F429ZITX_FLASH.ld" --specs=nosys.specs -Wl,-Map="TP4.map" -Wl,--gc-sections -static --specs=nano.specs -mfpu=fpv4-sp-d16 -mfloat-abi=hard -mthumb -Wl,--start-group -lc -lm -Wl,--end-group
Finished building target: TP4.elf
 
arm-none-eabi-size   TP4.elf 
arm-none-eabi-objdump -h -S  TP4.elf  > "TP4.list"
   text	   data	    bss	    dec	    hex	filename
   8792	     36	   1636	  10464	   28e0	TP4.elf
arm-none-eabi-objcopy  -O binary  TP4.elf  "TP4.bin"
Finished building: default.size.stdout
 
Finished building: TP4.list
 
Finished building: TP4.bin
 
21:50:20 **** Incremental Build of configuration Debug for project TP4 ****
make -j4 all 
arm-none-eabi-gcc "../Src/main.c" -mcpu=cortex-m4 -std=gnu11 -g3 -DDEBUG -DSTM32 -DSTM32F429ZITx -DSTM32F4 -DNUCLEO_F429ZI -DUSE_HAL_DRIVER -DSTM32F429xx -c -I../Inc -I"/home/martin/CESE/PdM/TPs/PdM_workspace/TP4/Drivers/STM32F4xx_HAL_Driver/Inc" -I"/home/martin/CESE/PdM/TPs/PdM_workspace/TP4/Drivers/CMSIS/Include" -I"/home/martin/CESE/PdM/TPs/PdM_workspace/TP4/Drivers/CMSIS/Device/ST/STM32F4xx/Include" -I"/home/martin/CESE/PdM/TPs/PdM_workspace/TP4/Drivers/BSP/STM32F4xx_Nucleo_144" -I"/home/martin/CESE/PdM/TPs/PdM_workspace/TP4/Drivers/Core/Inc" -I"/home/martin/CESE/PdM/TPs/PdM_workspace/TP4/Drivers/API/Inc" -O0 -ffunction-sections -fdata-sections -Wall -fstack-usage -MMD -MP -MF"Src/main.d" -MT"Src/main.o" --specs=nano.specs -mfpu=fpv4-sp-d16 -mfloat-abi=hard -mthumb -o "Src/main.o"
../Src/main.c: In function 'main':
../Src/main.c:90:18: warning: passing argument 1 of 'uartSendString' from incompatible pointer type [-Wincompatible-pointer-types]
   90 |   uartSendString(&Booteo);
      |                  ^~~~~~~
      |                  |
      |                  uint8_t (*)[28] {aka unsigned char (*)[28]}
In file included from ../Src/main.c:24:
/home/martin/CESE/PdM/TPs/PdM_workspace/TP4/Drivers/API/Inc/API_uart.h:20:30: note: expected 'uint8_t *' {aka 'unsigned char *'} but argument is of type 'uint8_t (*)[28]' {aka 'unsigned char (*)[28]'}
   20 | void uartSendString(uint8_t *pstring);
      |                     ~~~~~~~~~^~~~~~~
../Src/main.c:98:20: warning: pointer targets in passing argument 1 of 'uartSendString' differ in signedness [-Wpointer-sign]
   98 |     uartSendString("Inicializacion Correcta! \n\r");
      |                    ^~~~~~~~~~~~~~~~~~~~~~~~~~~~~~~
      |                    |
      |                    char *
In file included from ../Src/main.c:24:
/home/martin/CESE/PdM/TPs/PdM_workspace/TP4/Drivers/API/Inc/API_uart.h:20:30: note: expected 'uint8_t *' {aka 'unsigned char *'} but argument is of type 'char *'
   20 | void uartSendString(uint8_t *pstring);
      |                     ~~~~~~~~~^~~~~~~
arm-none-eabi-gcc -o "TP4.elf" @"objects.list"   -mcpu=cortex-m4 -T"/home/martin/CESE/PdM/TPs/PdM_workspace/TP4/STM32F429ZITX_FLASH.ld" --specs=nosys.specs -Wl,-Map="TP4.map" -Wl,--gc-sections -static --specs=nano.specs -mfpu=fpv4-sp-d16 -mfloat-abi=hard -mthumb -Wl,--start-group -lc -lm -Wl,--end-group
Finished building target: TP4.elf
 
arm-none-eabi-size   TP4.elf 
arm-none-eabi-objdump -h -S  TP4.elf  > "TP4.list"
   text	   data	    bss	    dec	    hex	filename
   8788	     36	   1636	  10460	   28dc	TP4.elf
arm-none-eabi-objcopy  -O binary  TP4.elf  "TP4.bin"
Finished building: default.size.stdout
 
Finished building: TP4.bin
 
Finished building: TP4.list
 
21:51:24 **** Incremental Build of configuration Debug for project TP4 ****
make -j4 all 
arm-none-eabi-gcc "../Drivers/API/Src/API_uart.c" -mcpu=cortex-m4 -std=gnu11 -g3 -DDEBUG -DSTM32 -DSTM32F429ZITx -DSTM32F4 -DNUCLEO_F429ZI -DUSE_HAL_DRIVER -DSTM32F429xx -c -I../Inc -I"/home/martin/CESE/PdM/TPs/PdM_workspace/TP4/Drivers/STM32F4xx_HAL_Driver/Inc" -I"/home/martin/CESE/PdM/TPs/PdM_workspace/TP4/Drivers/CMSIS/Include" -I"/home/martin/CESE/PdM/TPs/PdM_workspace/TP4/Drivers/CMSIS/Device/ST/STM32F4xx/Include" -I"/home/martin/CESE/PdM/TPs/PdM_workspace/TP4/Drivers/BSP/STM32F4xx_Nucleo_144" -I"/home/martin/CESE/PdM/TPs/PdM_workspace/TP4/Drivers/Core/Inc" -I"/home/martin/CESE/PdM/TPs/PdM_workspace/TP4/Drivers/API/Inc" -O0 -ffunction-sections -fdata-sections -Wall -fstack-usage -MMD -MP -MF"Drivers/API/Src/API_uart.d" -MT"Drivers/API/Src/API_uart.o" --specs=nano.specs -mfpu=fpv4-sp-d16 -mfloat-abi=hard -mthumb -o "Drivers/API/Src/API_uart.o"
arm-none-eabi-gcc -o "TP4.elf" @"objects.list"   -mcpu=cortex-m4 -T"/home/martin/CESE/PdM/TPs/PdM_workspace/TP4/STM32F429ZITX_FLASH.ld" --specs=nosys.specs -Wl,-Map="TP4.map" -Wl,--gc-sections -static --specs=nano.specs -mfpu=fpv4-sp-d16 -mfloat-abi=hard -mthumb -Wl,--start-group -lc -lm -Wl,--end-group
Finished building target: TP4.elf
 
arm-none-eabi-size   TP4.elf 
arm-none-eabi-objdump -h -S  TP4.elf  > "TP4.list"
arm-none-eabi-objcopy  -O binary  TP4.elf  "TP4.bin"
   text	   data	    bss	    dec	    hex	filename
   8788	     36	   1636	  10460	   28dc	TP4.elf
Finished building: default.size.stdout
 
Finished building: TP4.bin
 
Finished building: TP4.list
 
21:51:49 **** Incremental Build of configuration Debug for project TP4 ****
make -j4 all 
arm-none-eabi-gcc "../Drivers/API/Src/API_uart.c" -mcpu=cortex-m4 -std=gnu11 -g3 -DDEBUG -DSTM32 -DSTM32F429ZITx -DSTM32F4 -DNUCLEO_F429ZI -DUSE_HAL_DRIVER -DSTM32F429xx -c -I../Inc -I"/home/martin/CESE/PdM/TPs/PdM_workspace/TP4/Drivers/STM32F4xx_HAL_Driver/Inc" -I"/home/martin/CESE/PdM/TPs/PdM_workspace/TP4/Drivers/CMSIS/Include" -I"/home/martin/CESE/PdM/TPs/PdM_workspace/TP4/Drivers/CMSIS/Device/ST/STM32F4xx/Include" -I"/home/martin/CESE/PdM/TPs/PdM_workspace/TP4/Drivers/BSP/STM32F4xx_Nucleo_144" -I"/home/martin/CESE/PdM/TPs/PdM_workspace/TP4/Drivers/Core/Inc" -I"/home/martin/CESE/PdM/TPs/PdM_workspace/TP4/Drivers/API/Inc" -O0 -ffunction-sections -fdata-sections -Wall -fstack-usage -MMD -MP -MF"Drivers/API/Src/API_uart.d" -MT"Drivers/API/Src/API_uart.o" --specs=nano.specs -mfpu=fpv4-sp-d16 -mfloat-abi=hard -mthumb -o "Drivers/API/Src/API_uart.o"
arm-none-eabi-gcc -o "TP4.elf" @"objects.list"   -mcpu=cortex-m4 -T"/home/martin/CESE/PdM/TPs/PdM_workspace/TP4/STM32F429ZITX_FLASH.ld" --specs=nosys.specs -Wl,-Map="TP4.map" -Wl,--gc-sections -static --specs=nano.specs -mfpu=fpv4-sp-d16 -mfloat-abi=hard -mthumb -Wl,--start-group -lc -lm -Wl,--end-group
Finished building target: TP4.elf
 
arm-none-eabi-size   TP4.elf 
arm-none-eabi-objdump -h -S  TP4.elf  > "TP4.list"
arm-none-eabi-objcopy  -O binary  TP4.elf  "TP4.bin"
   text	   data	    bss	    dec	    hex	filename
   8788	     36	   1636	  10460	   28dc	TP4.elf
Finished building: default.size.stdout
 
Finished building: TP4.bin
 
Finished building: TP4.list
 
21:52:28 **** Incremental Build of configuration Debug for project TP4 ****
make -j4 all 
arm-none-eabi-gcc "../Drivers/API/Src/API_uart.c" -mcpu=cortex-m4 -std=gnu11 -g3 -DDEBUG -DSTM32 -DSTM32F429ZITx -DSTM32F4 -DNUCLEO_F429ZI -DUSE_HAL_DRIVER -DSTM32F429xx -c -I../Inc -I"/home/martin/CESE/PdM/TPs/PdM_workspace/TP4/Drivers/STM32F4xx_HAL_Driver/Inc" -I"/home/martin/CESE/PdM/TPs/PdM_workspace/TP4/Drivers/CMSIS/Include" -I"/home/martin/CESE/PdM/TPs/PdM_workspace/TP4/Drivers/CMSIS/Device/ST/STM32F4xx/Include" -I"/home/martin/CESE/PdM/TPs/PdM_workspace/TP4/Drivers/BSP/STM32F4xx_Nucleo_144" -I"/home/martin/CESE/PdM/TPs/PdM_workspace/TP4/Drivers/Core/Inc" -I"/home/martin/CESE/PdM/TPs/PdM_workspace/TP4/Drivers/API/Inc" -O0 -ffunction-sections -fdata-sections -Wall -fstack-usage -MMD -MP -MF"Drivers/API/Src/API_uart.d" -MT"Drivers/API/Src/API_uart.o" --specs=nano.specs -mfpu=fpv4-sp-d16 -mfloat-abi=hard -mthumb -o "Drivers/API/Src/API_uart.o"
arm-none-eabi-gcc -o "TP4.elf" @"objects.list"   -mcpu=cortex-m4 -T"/home/martin/CESE/PdM/TPs/PdM_workspace/TP4/STM32F429ZITX_FLASH.ld" --specs=nosys.specs -Wl,-Map="TP4.map" -Wl,--gc-sections -static --specs=nano.specs -mfpu=fpv4-sp-d16 -mfloat-abi=hard -mthumb -Wl,--start-group -lc -lm -Wl,--end-group
Finished building target: TP4.elf
 
arm-none-eabi-size   TP4.elf 
arm-none-eabi-objdump -h -S  TP4.elf  > "TP4.list"
arm-none-eabi-objcopy  -O binary  TP4.elf  "TP4.bin"
   text	   data	    bss	    dec	    hex	filename
   8788	     36	   1636	  10460	   28dc	TP4.elf
Finished building: default.size.stdout
Finished building: TP4.bin
 
 
Finished building: TP4.list
 
21:54:11 **** Incremental Build of configuration Debug for project TP4 ****
make -j4 all 
arm-none-eabi-gcc "../Drivers/API/Src/API_uart.c" -mcpu=cortex-m4 -std=gnu11 -g3 -DDEBUG -DSTM32 -DSTM32F429ZITx -DSTM32F4 -DNUCLEO_F429ZI -DUSE_HAL_DRIVER -DSTM32F429xx -c -I../Inc -I"/home/martin/CESE/PdM/TPs/PdM_workspace/TP4/Drivers/STM32F4xx_HAL_Driver/Inc" -I"/home/martin/CESE/PdM/TPs/PdM_workspace/TP4/Drivers/CMSIS/Include" -I"/home/martin/CESE/PdM/TPs/PdM_workspace/TP4/Drivers/CMSIS/Device/ST/STM32F4xx/Include" -I"/home/martin/CESE/PdM/TPs/PdM_workspace/TP4/Drivers/BSP/STM32F4xx_Nucleo_144" -I"/home/martin/CESE/PdM/TPs/PdM_workspace/TP4/Drivers/Core/Inc" -I"/home/martin/CESE/PdM/TPs/PdM_workspace/TP4/Drivers/API/Inc" -O0 -ffunction-sections -fdata-sections -Wall -fstack-usage -MMD -MP -MF"Drivers/API/Src/API_uart.d" -MT"Drivers/API/Src/API_uart.o" --specs=nano.specs -mfpu=fpv4-sp-d16 -mfloat-abi=hard -mthumb -o "Drivers/API/Src/API_uart.o"
arm-none-eabi-gcc -o "TP4.elf" @"objects.list"   -mcpu=cortex-m4 -T"/home/martin/CESE/PdM/TPs/PdM_workspace/TP4/STM32F429ZITX_FLASH.ld" --specs=nosys.specs -Wl,-Map="TP4.map" -Wl,--gc-sections -static --specs=nano.specs -mfpu=fpv4-sp-d16 -mfloat-abi=hard -mthumb -Wl,--start-group -lc -lm -Wl,--end-group
Finished building target: TP4.elf
 
arm-none-eabi-size   TP4.elf 
arm-none-eabi-objdump -h -S  TP4.elf  > "TP4.list"
   text	   data	    bss	    dec	    hex	filename
   8788	     36	   1636	  10460	   28dc	TP4.elf
arm-none-eabi-objcopy  -O binary  TP4.elf  "TP4.bin"
Finished building: default.size.stdout
 
Finished building: TP4.bin
 
Finished building: TP4.list
 
21:54:50 **** Incremental Build of configuration Debug for project TP4 ****
make -j4 all 
arm-none-eabi-gcc "../Drivers/API/Src/API_uart.c" -mcpu=cortex-m4 -std=gnu11 -g3 -DDEBUG -DSTM32 -DSTM32F429ZITx -DSTM32F4 -DNUCLEO_F429ZI -DUSE_HAL_DRIVER -DSTM32F429xx -c -I../Inc -I"/home/martin/CESE/PdM/TPs/PdM_workspace/TP4/Drivers/STM32F4xx_HAL_Driver/Inc" -I"/home/martin/CESE/PdM/TPs/PdM_workspace/TP4/Drivers/CMSIS/Include" -I"/home/martin/CESE/PdM/TPs/PdM_workspace/TP4/Drivers/CMSIS/Device/ST/STM32F4xx/Include" -I"/home/martin/CESE/PdM/TPs/PdM_workspace/TP4/Drivers/BSP/STM32F4xx_Nucleo_144" -I"/home/martin/CESE/PdM/TPs/PdM_workspace/TP4/Drivers/Core/Inc" -I"/home/martin/CESE/PdM/TPs/PdM_workspace/TP4/Drivers/API/Inc" -O0 -ffunction-sections -fdata-sections -Wall -fstack-usage -MMD -MP -MF"Drivers/API/Src/API_uart.d" -MT"Drivers/API/Src/API_uart.o" --specs=nano.specs -mfpu=fpv4-sp-d16 -mfloat-abi=hard -mthumb -o "Drivers/API/Src/API_uart.o"
arm-none-eabi-gcc -o "TP4.elf" @"objects.list"   -mcpu=cortex-m4 -T"/home/martin/CESE/PdM/TPs/PdM_workspace/TP4/STM32F429ZITX_FLASH.ld" --specs=nosys.specs -Wl,-Map="TP4.map" -Wl,--gc-sections -static --specs=nano.specs -mfpu=fpv4-sp-d16 -mfloat-abi=hard -mthumb -Wl,--start-group -lc -lm -Wl,--end-group
Finished building target: TP4.elf
 
arm-none-eabi-size   TP4.elf 
arm-none-eabi-objdump -h -S  TP4.elf  > "TP4.list"
arm-none-eabi-objcopy  -O binary  TP4.elf  "TP4.bin"
   text	   data	    bss	    dec	    hex	filename
   8788	     36	   1636	  10460	   28dc	TP4.elf
Finished building: default.size.stdout
 
Finished building: TP4.bin
 
Finished building: TP4.list
 
22:03:02 **** Incremental Build of configuration Debug for project TP4 ****
make -j4 all 
arm-none-eabi-gcc "../Drivers/API/Src/API_uart.c" -mcpu=cortex-m4 -std=gnu11 -g3 -DDEBUG -DSTM32 -DSTM32F429ZITx -DSTM32F4 -DNUCLEO_F429ZI -DUSE_HAL_DRIVER -DSTM32F429xx -c -I../Inc -I"/home/martin/CESE/PdM/TPs/PdM_workspace/TP4/Drivers/STM32F4xx_HAL_Driver/Inc" -I"/home/martin/CESE/PdM/TPs/PdM_workspace/TP4/Drivers/CMSIS/Include" -I"/home/martin/CESE/PdM/TPs/PdM_workspace/TP4/Drivers/CMSIS/Device/ST/STM32F4xx/Include" -I"/home/martin/CESE/PdM/TPs/PdM_workspace/TP4/Drivers/BSP/STM32F4xx_Nucleo_144" -I"/home/martin/CESE/PdM/TPs/PdM_workspace/TP4/Drivers/Core/Inc" -I"/home/martin/CESE/PdM/TPs/PdM_workspace/TP4/Drivers/API/Inc" -O0 -ffunction-sections -fdata-sections -Wall -fstack-usage -MMD -MP -MF"Drivers/API/Src/API_uart.d" -MT"Drivers/API/Src/API_uart.o" --specs=nano.specs -mfpu=fpv4-sp-d16 -mfloat-abi=hard -mthumb -o "Drivers/API/Src/API_uart.o"
arm-none-eabi-gcc -o "TP4.elf" @"objects.list"   -mcpu=cortex-m4 -T"/home/martin/CESE/PdM/TPs/PdM_workspace/TP4/STM32F429ZITX_FLASH.ld" --specs=nosys.specs -Wl,-Map="TP4.map" -Wl,--gc-sections -static --specs=nano.specs -mfpu=fpv4-sp-d16 -mfloat-abi=hard -mthumb -Wl,--start-group -lc -lm -Wl,--end-group
Finished building target: TP4.elf
 
arm-none-eabi-size   TP4.elf 
arm-none-eabi-objdump -h -S  TP4.elf  > "TP4.list"
   text	   data	    bss	    dec	    hex	filename
   8812	     36	   1636	  10484	   28f4	TP4.elf
arm-none-eabi-objcopy  -O binary  TP4.elf  "TP4.bin"
Finished building: default.size.stdout
 
Finished building: TP4.bin
 
Finished building: TP4.list
 
