18:38:42 **** Incremental Build of configuration Debug for project TP_Final ****
make -j4 all 
arm-none-eabi-gcc "../Src/main.c" -mcpu=cortex-m4 -std=gnu11 -g3 -DDEBUG -DSTM32 -DSTM32F429ZITx -DSTM32F4 -DNUCLEO_F429ZI -DUSE_HAL_DRIVER -DSTM32F429xx -c -I../Inc -I"/home/martin/CESE/PdM/TPs/PdM_workspace/TP_Final/Drivers/STM32F4xx_HAL_Driver/Inc" -I"/home/martin/CESE/PdM/TPs/PdM_workspace/TP_Final/Drivers/CMSIS/Include" -I"/home/martin/CESE/PdM/TPs/PdM_workspace/TP_Final/Drivers/CMSIS/Device/ST/STM32F4xx/Include" -I"/home/martin/CESE/PdM/TPs/PdM_workspace/TP_Final/Drivers/BSP/STM32F4xx_Nucleo_144" -I"/home/martin/CESE/PdM/TPs/PdM_workspace/TP_Final/Drivers/Core/Inc" -I"/home/martin/CESE/PdM/TPs/PdM_workspace/TP_Final/Drivers/API/Inc" -O0 -ffunction-sections -fdata-sections -Wall -fstack-usage -MMD -MP -MF"Src/main.d" -MT"Src/main.o" --specs=nano.specs -mfpu=fpv4-sp-d16 -mfloat-abi=hard -mthumb -o "Src/main.o"
../Src/main.c: In function 'main':
../Src/main.c:95:24: warning: unused variable 'ultimoValor' [-Wunused-variable]
   95 |   uint8_t valorActual, ultimoValor = 0;
      |                        ^~~~~~~~~~~
../Src/main.c: In function 'EnviarPorUart':
../Src/main.c:135:11: warning: pointer targets in passing argument 1 of 'sprintf' differ in signedness [-Wpointer-sign]
  135 |   sprintf(AuxC,"El numero presionado es: %u \n\r", valor);
      |           ^~~~
      |           |
      |           uint8_t * {aka unsigned char *}
In file included from ../Inc/main.h:25,
                 from ../Src/main.c:22:
/opt/st/stm32cubeide_1.7.0/plugins/com.st.stm32cube.ide.mcu.externaltools.gnu-tools-for-stm32.9-2020-q2-update.linux64_2.0.0.202105311346/tools/arm-none-eabi/include/stdio.h:244:14: note: expected 'char * restrict' but argument is of type 'uint8_t *' {aka 'unsigned char *'}
  244 | int sprintf (char *__restrict, const char *__restrict, ...)
      |              ^
../Src/main.c:140:35: warning: pointer targets in passing argument 1 of 'uartSendString' differ in signedness [-Wpointer-sign]
  140 |   if(ENT == valor) uartSendString("El boton presionado es: Enter \n\r");
      |                                   ^~~~~~~~~~~~~~~~~~~~~~~~~~~~~~~~~~~~
      |                                   |
      |                                   char *
In file included from ../Src/main.c:26:
/home/martin/CESE/PdM/TPs/PdM_workspace/TP_Final/Drivers/API/Inc/API_uart.h:20:30: note: expected 'uint8_t *' {aka 'unsigned char *'} but argument is of type 'char *'
   20 | void uartSendString(uint8_t *pstring);
      |                     ~~~~~~~~~^~~~~~~
../Src/main.c:141:35: warning: pointer targets in passing argument 1 of 'uartSendString' differ in signedness [-Wpointer-sign]
  141 |   if(ESC == valor) uartSendString("El boton presionado es: Escape \n\r");
      |                                   ^~~~~~~~~~~~~~~~~~~~~~~~~~~~~~~~~~~~~
      |                                   |
      |                                   char *
In file included from ../Src/main.c:26:
/home/martin/CESE/PdM/TPs/PdM_workspace/TP_Final/Drivers/API/Inc/API_uart.h:20:30: note: expected 'uint8_t *' {aka 'unsigned char *'} but argument is of type 'char *'
   20 | void uartSendString(uint8_t *pstring);
      |                     ~~~~~~~~~^~~~~~~
../Src/main.c:142:36: warning: pointer targets in passing argument 1 of 'uartSendString' differ in signedness [-Wpointer-sign]
  142 |   if(A_UP == valor) uartSendString("El boton presionado es: Flecha Arriba \n\r");
      |                                    ^~~~~~~~~~~~~~~~~~~~~~~~~~~~~~~~~~~~~~~~~~~~
      |                                    |
      |                                    char *
In file included from ../Src/main.c:26:
/home/martin/CESE/PdM/TPs/PdM_workspace/TP_Final/Drivers/API/Inc/API_uart.h:20:30: note: expected 'uint8_t *' {aka 'unsigned char *'} but argument is of type 'char *'
   20 | void uartSendString(uint8_t *pstring);
      |                     ~~~~~~~~~^~~~~~~
../Src/main.c:143:38: warning: pointer targets in passing argument 1 of 'uartSendString' differ in signedness [-Wpointer-sign]
  143 |   if(A_DOWN == valor) uartSendString("El boton presionado es: Flecha Abajo \n\r");
      |                                      ^~~~~~~~~~~~~~~~~~~~~~~~~~~~~~~~~~~~~~~~~~~
      |                                      |
      |                                      char *
In file included from ../Src/main.c:26:
/home/martin/CESE/PdM/TPs/PdM_workspace/TP_Final/Drivers/API/Inc/API_uart.h:20:30: note: expected 'uint8_t *' {aka 'unsigned char *'} but argument is of type 'char *'
   20 | void uartSendString(uint8_t *pstring);
      |                     ~~~~~~~~~^~~~~~~
../Src/main.c:144:38: warning: pointer targets in passing argument 1 of 'uartSendString' differ in signedness [-Wpointer-sign]
  144 |   if(A_LEFT == valor) uartSendString("El boton presionado es: Flecha Izquierda \n\r");
      |                                      ^~~~~~~~~~~~~~~~~~~~~~~~~~~~~~~~~~~~~~~~~~~~~~~
      |                                      |
      |                                      char *
In file included from ../Src/main.c:26:
/home/martin/CESE/PdM/TPs/PdM_workspace/TP_Final/Drivers/API/Inc/API_uart.h:20:30: note: expected 'uint8_t *' {aka 'unsigned char *'} but argument is of type 'char *'
   20 | void uartSendString(uint8_t *pstring);
      |                     ~~~~~~~~~^~~~~~~
../Src/main.c:145:39: warning: pointer targets in passing argument 1 of 'uartSendString' differ in signedness [-Wpointer-sign]
  145 |   if(A_RIGHT == valor) uartSendString("El boton presionado es: Flecha Derecha \n\r");
      |                                       ^~~~~~~~~~~~~~~~~~~~~~~~~~~~~~~~~~~~~~~~~~~~~
      |                                       |
      |                                       char *
In file included from ../Src/main.c:26:
/home/martin/CESE/PdM/TPs/PdM_workspace/TP_Final/Drivers/API/Inc/API_uart.h:20:30: note: expected 'uint8_t *' {aka 'unsigned char *'} but argument is of type 'char *'
   20 | void uartSendString(uint8_t *pstring);
      |                     ~~~~~~~~~^~~~~~~
arm-none-eabi-gcc -o "TP_Final.elf" @"objects.list"   -mcpu=cortex-m4 -T"/home/martin/CESE/PdM/TPs/PdM_workspace/TP_Final/STM32F429ZITX_FLASH.ld" --specs=nosys.specs -Wl,-Map="TP_Final.map" -Wl,--gc-sections -static --specs=nano.specs -mfpu=fpv4-sp-d16 -mfloat-abi=hard -mthumb -Wl,--start-group -lc -lm -Wl,--end-group
Finished building target: TP_Final.elf
 
arm-none-eabi-size   TP_Final.elf 
arm-none-eabi-objdump -h -S  TP_Final.elf  > "TP_Final.list"
   text	   data	    bss	    dec	    hex	filename
  14028	    132	   1724	  15884	   3e0c	TP_Final.elf
arm-none-eabi-objcopy  -O binary  TP_Final.elf  "TP_Final.bin"
Finished building: default.size.stdout
 
Finished building: TP_Final.bin
 
Finished building: TP_Final.list
 
18:38:47 **** Incremental Build of configuration Debug for project TP_Final ****
make -j4 all 
arm-none-eabi-size   TP_Final.elf 
   text	   data	    bss	    dec	    hex	filename
  14028	    132	   1724	  15884	   3e0c	TP_Final.elf
Finished building: default.size.stdout
 
