21:58:10 **** Incremental Build of configuration Debug for project TP1 ****
make -j4 all 
arm-none-eabi-gcc "../Src/API_delay.c" -mcpu=cortex-m4 -std=gnu11 -g3 -DDEBUG -DSTM32 -DSTM32F429ZITx -DSTM32F4 -DNUCLEO_F429ZI -DUSE_HAL_DRIVER -DSTM32F429xx -c -I../Inc -I"/home/martin/CESE/PdM/TPs/PdM_workspace/TP1/Drivers/STM32F4xx_HAL_Driver/Inc" -I"/home/martin/CESE/PdM/TPs/PdM_workspace/TP1/Drivers/CMSIS/Include" -I"/home/martin/CESE/PdM/TPs/PdM_workspace/TP1/Drivers/CMSIS/Device/ST/STM32F4xx/Include" -I"/home/martin/CESE/PdM/TPs/PdM_workspace/TP1/Drivers/BSP/STM32F4xx_Nucleo_144" -I"/home/martin/CESE/PdM/TPs/PdM_workspace/TP1/Drivers/Core/Inc" -O0 -ffunction-sections -fdata-sections -Wall -fstack-usage -MMD -MP -MF"Src/API_delay.d" -MT"Src/API_delay.o" --specs=nano.specs -mfpu=fpv4-sp-d16 -mfloat-abi=hard -mthumb -o "Src/API_delay.o"
arm-none-eabi-gcc -o "TP1.elf" @"objects.list"   -mcpu=cortex-m4 -T"/home/martin/CESE/PdM/TPs/PdM_workspace/TP1/STM32F429ZITX_FLASH.ld" --specs=nosys.specs -Wl,-Map="TP1.map" -Wl,--gc-sections -static --specs=nano.specs -mfpu=fpv4-sp-d16 -mfloat-abi=hard -mthumb -Wl,--start-group -lc -lm -Wl,--end-group
Finished building target: TP1.elf
 
arm-none-eabi-size   TP1.elf 
arm-none-eabi-objdump -h -S  TP1.elf  > "TP1.list"
arm-none-eabi-objcopy  -O binary  TP1.elf  "TP1.bin"
   text	   data	    bss	    dec	    hex	filename
   6372	     32	   1608	   8012	   1f4c	TP1.elf
Finished building: default.size.stdout
Finished building: TP1.bin
Finished building: TP1.list
 
 
 

21:58:11 Build Finished. 0 errors, 0 warnings. (took 439ms)

