22:03:02 **** Incremental Build of configuration Debug for project TP4 ****
make -j4 all 
arm-none-eabi-gcc "../Drivers/API/Src/API_uart.c" -mcpu=cortex-m4 -std=gnu11 -g3 -DDEBUG -DSTM32 -DSTM32F429ZITx -DSTM32F4 -DNUCLEO_F429ZI -DUSE_HAL_DRIVER -DSTM32F429xx -c -I../Inc -I"/home/martin/CESE/PdM/TPs/PdM_workspace/TP4/Drivers/STM32F4xx_HAL_Driver/Inc" -I"/home/martin/CESE/PdM/TPs/PdM_workspace/TP4/Drivers/CMSIS/Include" -I"/home/martin/CESE/PdM/TPs/PdM_workspace/TP4/Drivers/CMSIS/Device/ST/STM32F4xx/Include" -I"/home/martin/CESE/PdM/TPs/PdM_workspace/TP4/Drivers/BSP/STM32F4xx_Nucleo_144" -I"/home/martin/CESE/PdM/TPs/PdM_workspace/TP4/Drivers/Core/Inc" -I"/home/martin/CESE/PdM/TPs/PdM_workspace/TP4/Drivers/API/Inc" -O0 -ffunction-sections -fdata-sections -Wall -fstack-usage -MMD -MP -MF"Drivers/API/Src/API_uart.d" -MT"Drivers/API/Src/API_uart.o" --specs=nano.specs -mfpu=fpv4-sp-d16 -mfloat-abi=hard -mthumb -o "Drivers/API/Src/API_uart.o"
arm-none-eabi-gcc -o "TP4.elf" @"objects.list"   -mcpu=cortex-m4 -T"/home/martin/CESE/PdM/TPs/PdM_workspace/TP4/STM32F429ZITX_FLASH.ld" --specs=nosys.specs -Wl,-Map="TP4.map" -Wl,--gc-sections -static --specs=nano.specs -mfpu=fpv4-sp-d16 -mfloat-abi=hard -mthumb -Wl,--start-group -lc -lm -Wl,--end-group
Finished building target: TP4.elf
 
arm-none-eabi-size   TP4.elf 
arm-none-eabi-objdump -h -S  TP4.elf  > "TP4.list"
   text	   data	    bss	    dec	    hex	filename
   8812	     36	   1636	  10484	   28f4	TP4.elf
arm-none-eabi-objcopy  -O binary  TP4.elf  "TP4.bin"
Finished building: default.size.stdout
 
Finished building: TP4.bin
 
Finished building: TP4.list
 

22:03:03 Build Finished. 0 errors, 0 warnings. (took 445ms)

